Archive member included to satisfy reference by file (symbol)

C:/ST/STM32CubeIDE_1.15.1/STM32CubeIDE/plugins/com.st.stm32cube.ide.mcu.externaltools.gnu-tools-for-stm32.12.3.rel1.win32_1.0.100.202403111256/tools/bin/../lib/gcc/arm-none-eabi/12.3.1/../../../../arm-none-eabi/lib/thumb/v6-m/nofp\libc_nano.a(libc_a-exit.o)
                              C:/ST/STM32CubeIDE_1.15.1/STM32CubeIDE/plugins/com.st.stm32cube.ide.mcu.externaltools.gnu-tools-for-stm32.12.3.rel1.win32_1.0.100.202403111256/tools/bin/../lib/gcc/arm-none-eabi/12.3.1/../../../../arm-none-eabi/lib/thumb/v6-m/nofp/crt0.o (exit)
C:/ST/STM32CubeIDE_1.15.1/STM32CubeIDE/plugins/com.st.stm32cube.ide.mcu.externaltools.gnu-tools-for-stm32.12.3.rel1.win32_1.0.100.202403111256/tools/bin/../lib/gcc/arm-none-eabi/12.3.1/../../../../arm-none-eabi/lib/thumb/v6-m/nofp\libc_nano.a(libc_a-findfp.o)
                              C:/ST/STM32CubeIDE_1.15.1/STM32CubeIDE/plugins/com.st.stm32cube.ide.mcu.externaltools.gnu-tools-for-stm32.12.3.rel1.win32_1.0.100.202403111256/tools/bin/../lib/gcc/arm-none-eabi/12.3.1/../../../../arm-none-eabi/lib/thumb/v6-m/nofp\libc_nano.a(libc_a-exit.o) (__stdio_exit_handler)
C:/ST/STM32CubeIDE_1.15.1/STM32CubeIDE/plugins/com.st.stm32cube.ide.mcu.externaltools.gnu-tools-for-stm32.12.3.rel1.win32_1.0.100.202403111256/tools/bin/../lib/gcc/arm-none-eabi/12.3.1/../../../../arm-none-eabi/lib/thumb/v6-m/nofp\libc_nano.a(libc_a-fwalk.o)
                              C:/ST/STM32CubeIDE_1.15.1/STM32CubeIDE/plugins/com.st.stm32cube.ide.mcu.externaltools.gnu-tools-for-stm32.12.3.rel1.win32_1.0.100.202403111256/tools/bin/../lib/gcc/arm-none-eabi/12.3.1/../../../../arm-none-eabi/lib/thumb/v6-m/nofp\libc_nano.a(libc_a-findfp.o) (_fwalk_sglue)
C:/ST/STM32CubeIDE_1.15.1/STM32CubeIDE/plugins/com.st.stm32cube.ide.mcu.externaltools.gnu-tools-for-stm32.12.3.rel1.win32_1.0.100.202403111256/tools/bin/../lib/gcc/arm-none-eabi/12.3.1/../../../../arm-none-eabi/lib/thumb/v6-m/nofp\libc_nano.a(libc_a-printf.o)
                              ./Middlewares/ST/STM32_USB_Device_Library/Core/Src/usbd_core.o (printf)
C:/ST/STM32CubeIDE_1.15.1/STM32CubeIDE/plugins/com.st.stm32cube.ide.mcu.externaltools.gnu-tools-for-stm32.12.3.rel1.win32_1.0.100.202403111256/tools/bin/../lib/gcc/arm-none-eabi/12.3.1/../../../../arm-none-eabi/lib/thumb/v6-m/nofp\libc_nano.a(libc_a-putchar.o)
                              ./Middlewares/ST/STM32_USB_Device_Library/Core/Src/usbd_core.o (putchar)
C:/ST/STM32CubeIDE_1.15.1/STM32CubeIDE/plugins/com.st.stm32cube.ide.mcu.externaltools.gnu-tools-for-stm32.12.3.rel1.win32_1.0.100.202403111256/tools/bin/../lib/gcc/arm-none-eabi/12.3.1/../../../../arm-none-eabi/lib/thumb/v6-m/nofp\libc_nano.a(libc_a-stdio.o)
                              C:/ST/STM32CubeIDE_1.15.1/STM32CubeIDE/plugins/com.st.stm32cube.ide.mcu.externaltools.gnu-tools-for-stm32.12.3.rel1.win32_1.0.100.202403111256/tools/bin/../lib/gcc/arm-none-eabi/12.3.1/../../../../arm-none-eabi/lib/thumb/v6-m/nofp\libc_nano.a(libc_a-findfp.o) (__sread)
C:/ST/STM32CubeIDE_1.15.1/STM32CubeIDE/plugins/com.st.stm32cube.ide.mcu.externaltools.gnu-tools-for-stm32.12.3.rel1.win32_1.0.100.202403111256/tools/bin/../lib/gcc/arm-none-eabi/12.3.1/../../../../arm-none-eabi/lib/thumb/v6-m/nofp\libc_nano.a(libc_a-memset.o)
                              C:/ST/STM32CubeIDE_1.15.1/STM32CubeIDE/plugins/com.st.stm32cube.ide.mcu.externaltools.gnu-tools-for-stm32.12.3.rel1.win32_1.0.100.202403111256/tools/bin/../lib/gcc/arm-none-eabi/12.3.1/../../../../arm-none-eabi/lib/thumb/v6-m/nofp/crt0.o (memset)
C:/ST/STM32CubeIDE_1.15.1/STM32CubeIDE/plugins/com.st.stm32cube.ide.mcu.externaltools.gnu-tools-for-stm32.12.3.rel1.win32_1.0.100.202403111256/tools/bin/../lib/gcc/arm-none-eabi/12.3.1/../../../../arm-none-eabi/lib/thumb/v6-m/nofp\libc_nano.a(libc_a-closer.o)
                              C:/ST/STM32CubeIDE_1.15.1/STM32CubeIDE/plugins/com.st.stm32cube.ide.mcu.externaltools.gnu-tools-for-stm32.12.3.rel1.win32_1.0.100.202403111256/tools/bin/../lib/gcc/arm-none-eabi/12.3.1/../../../../arm-none-eabi/lib/thumb/v6-m/nofp\libc_nano.a(libc_a-stdio.o) (_close_r)
C:/ST/STM32CubeIDE_1.15.1/STM32CubeIDE/plugins/com.st.stm32cube.ide.mcu.externaltools.gnu-tools-for-stm32.12.3.rel1.win32_1.0.100.202403111256/tools/bin/../lib/gcc/arm-none-eabi/12.3.1/../../../../arm-none-eabi/lib/thumb/v6-m/nofp\libc_nano.a(libc_a-reent.o)
                              C:/ST/STM32CubeIDE_1.15.1/STM32CubeIDE/plugins/com.st.stm32cube.ide.mcu.externaltools.gnu-tools-for-stm32.12.3.rel1.win32_1.0.100.202403111256/tools/bin/../lib/gcc/arm-none-eabi/12.3.1/../../../../arm-none-eabi/lib/thumb/v6-m/nofp\libc_nano.a(libc_a-closer.o) (errno)
C:/ST/STM32CubeIDE_1.15.1/STM32CubeIDE/plugins/com.st.stm32cube.ide.mcu.externaltools.gnu-tools-for-stm32.12.3.rel1.win32_1.0.100.202403111256/tools/bin/../lib/gcc/arm-none-eabi/12.3.1/../../../../arm-none-eabi/lib/thumb/v6-m/nofp\libc_nano.a(libc_a-impure.o)
[...]
Memory Configuration

Name             Origin             Length             Attributes
RAM              0x20000000         0x00024000         xrw
FLASH            0x08000000         0x00020000         xr
*default*        0x00000000         0xffffffff

Linker script and memory map

LOAD C:/ST/STM32CubeIDE_1.15.1/STM32CubeIDE/plugins/com.st.stm32cube.ide.mcu.externaltools.gnu-tools-for-stm32.12.3.rel1.win32_1.0.100.202403111256/tools/bin/../lib/gcc/arm-none-eabi/12.3.1/thumb/v6-m/nofp/crti.o
LOAD C:/ST/STM32CubeIDE_1.15.1/STM32CubeIDE/plugins/com.st.stm32cube.ide.mcu.externaltools.gnu-tools-for-stm32.12.3.rel1.win32_1.0.100.202403111256/tools/bin/../lib/gcc/arm-none-eabi/12.3.1/thumb/v6-m/nofp/crtbegin.o
LOAD C:/ST/STM32CubeIDE_1.15.1/STM32CubeIDE/plugins/com.st.stm32cube.ide.mcu.externaltools.gnu-tools-for-stm32.12.3.rel1.win32_1.0.100.202403111256/tools/bin/../lib/gcc/arm-none-eabi/12.3.1/../../../../arm-none-eabi/lib/thumb/v6-m/nofp/crt0.o
LOAD ./Core/Src/main.o
LOAD ./Core/Src/stm32g0xx_hal_msp.o
LOAD ./Core/Src/stm32g0xx_it.o
LOAD ./Core/Src/syscalls.o
LOAD ./Core/Src/sysmem.o
LOAD ./Core/Src/system_stm32g0xx.o
LOAD ./Core/Startup/startup_stm32g0b1cbtx.o
LOAD ./Drivers/STM32G0xx_HAL_Driver/Src/stm32g0xx_hal.o
LOAD ./Drivers/STM32G0xx_HAL_Driver/Src/stm32g0xx_hal_cortex.o
LOAD ./Drivers/STM32G0xx_HAL_Driver/Src/stm32g0xx_hal_dma.o
LOAD ./Drivers/STM32G0xx_HAL_Driver/Src/stm32g0xx_hal_dma_ex.o
LOAD ./Drivers/STM32G0xx_HAL_Driver/Src/stm32g0xx_hal_exti.o
LOAD ./Drivers/STM32G0xx_HAL_Driver/Src/stm32g0xx_hal_fdcan.o
LOAD ./Drivers/STM32G0xx_HAL_Driver/Src/stm32g0xx_hal_flash.o
LOAD ./Drivers/STM32G0xx_HAL_Driver/Src/stm32g0xx_hal_flash_ex.o
LOAD ./Drivers/STM32G0xx_HAL_Driver/Src/stm32g0xx_hal_gpio.o
LOAD ./Drivers/STM32G0xx_HAL_Driver/Src/stm32g0xx_hal_i2c.o
LOAD ./Drivers/STM32G0xx_HAL_Driver/Src/stm32g0xx_hal_i2c_ex.o
LOAD ./Drivers/STM32G0xx_HAL_Driver/Src/stm32g0xx_hal_iwdg.o
LOAD ./Drivers/STM32G0xx_HAL_Driver/Src/stm32g0xx_hal_pcd.o
LOAD ./Drivers/STM32G0xx_HAL_Driver/Src/stm32g0xx_hal_pcd_ex.o
LOAD ./Drivers/STM32G0xx_HAL_Driver/Src/stm32g0xx_hal_pwr.o
LOAD ./Drivers/STM32G0xx_HAL_Driver/Src/stm32g0xx_hal_pwr_ex.o
LOAD ./Drivers/STM32G0xx_HAL_Driver/Src/stm32g0xx_hal_rcc.o
LOAD ./Drivers/STM32G0xx_HAL_Driver/Src/stm32g0xx_hal_rcc_ex.o
LOAD ./Drivers/STM32G0xx_HAL_Driver/Src/stm32g0xx_hal_spi.o
LOAD ./Drivers/STM32G0xx_HAL_Driver/Src/stm32g0xx_hal_spi_ex.o
LOAD ./Drivers/STM32G0xx_HAL_Driver/Src/stm32g0xx_hal_tim.o
LOAD ./Drivers/STM32G0xx_HAL_Driver/Src/stm32g0xx_hal_tim_ex.o
LOAD ./Drivers/STM32G0xx_HAL_Driver/Src/stm32g0xx_hal_uart.o
LOAD ./Drivers/STM32G0xx_HAL_Driver/Src/stm32g0xx_hal_uart_ex.o
LOAD ./Drivers/STM32G0xx_HAL_Driver/Src/stm32g0xx_ll_dma.o
LOAD ./Drivers/STM32G0xx_HAL_Driver/Src/stm32g0xx_ll_rcc.o
LOAD ./Drivers/STM32G0xx_HAL_Driver/Src/stm32g0xx_ll_usb.o
LOAD ./Middlewares/ST/STM32_USB_Device_Library/Class/CDC/Src/usbd_cdc.o
LOAD ./Middlewares/ST/STM32_USB_Device_Library/Core/Src/usbd_core.o
LOAD ./Middlewares/ST/STM32_USB_Device_Library/Core/Src/usbd_ctlreq.o
LOAD ./Middlewares/ST/STM32_USB_Device_Library/Core/Src/usbd_ioreq.o
LOAD ./USB_Device/App/usb_device.o
LOAD ./USB_Device/App/usbd_cdc_if.o
LOAD ./USB_Device/App/usbd_desc.o
LOAD ./USB_Device/Target/usbd_conf.o
START GROUP
LOAD C:/ST/STM32CubeIDE_1.15.1/STM32CubeIDE/plugins/com.st.stm32cube.ide.mcu.externaltools.gnu-tools-for-stm32.12.3.rel1.win32_1.0.100.202403111256/tools/bin/../lib/gcc/arm-none-eabi/12.3.1/../../../../arm-none-eabi/lib/thumb/v6-m/nofp\libc_nano.a
LOAD C:/ST/STM32CubeIDE_1.15.1/STM32CubeIDE/plugins/com.st.stm32cube.ide.mcu.externaltools.gnu-tools-for-stm32.12.3.rel1.win32_1.0.100.202403111256/tools/bin/../lib/gcc/arm-none-eabi/12.3.1/../../../../arm-none-eabi/lib/thumb/v6-m/nofp\libm.a
END GROUP
START GROUP
LOAD C:/ST/STM32CubeIDE_1.15.1/STM32CubeIDE/plugins/com.st.stm32cube.ide.mcu.externaltools.gnu-tools-for-stm32.12.3.rel1.win32_1.0.100.202403111256/tools/bin/../lib/gcc/arm-none-eabi/12.3.1/thumb/v6-m/nofp\libgcc.a
LOAD C:/ST/STM32CubeIDE_1.15.1/STM32CubeIDE/plugins/com.st.stm32cube.ide.mcu.externaltools.gnu-tools-for-stm32.12.3.rel1.win32_1.0.100.202403111256/tools/bin/../lib/gcc/arm-none-eabi/12.3.1/../../../../arm-none-eabi/lib/thumb/v6-m/nofp\libc_nano.a
END GROUP
START GROUP
LOAD C:/ST/STM32CubeIDE_1.15.1/STM32CubeIDE/plugins/com.st.stm32cube.ide.mcu.externaltools.gnu-tools-for-stm32.12.3.rel1.win32_1.0.100.202403111256/tools/bin/../lib/gcc/arm-none-eabi/12.3.1/thumb/v6-m/nofp\libgcc.a
LOAD C:/ST/STM32CubeIDE_1.15.1/STM32CubeIDE/plugins/com.st.stm32cube.ide.mcu.externaltools.gnu-tools-for-stm32.12.3.rel1.win32_1.0.100.202403111256/tools/bin/../lib/gcc/arm-none-eabi/12.3.1/../../../../arm-none-eabi/lib/thumb/v6-m/nofp\libc_nano.a
LOAD C:/ST/STM32CubeIDE_1.15.1/STM32CubeIDE/plugins/com.st.stm32cube.ide.mcu.externaltools.gnu-tools-for-stm32.12.3.rel1.win32_1.0.100.202403111256/tools/bin/../lib/gcc/arm-none-eabi/12.3.1/../../../../arm-none-eabi/lib/thumb/v6-m/nofp\libnosys.a
END GROUP
START GROUP
LOAD C:/ST/STM32CubeIDE_1.15.1/STM32CubeIDE/plugins/com.st.stm32cube.ide.mcu.externaltools.gnu-tools-for-stm32.12.3.rel1.win32_1.0.100.202403111256/tools/bin/../lib/gcc/arm-none-eabi/12.3.1/thumb/v6-m/nofp\libgcc.a
LOAD C:/ST/STM32CubeIDE_1.15.1/STM32CubeIDE/plugins/com.st.stm32cube.ide.mcu.externaltools.gnu-tools-for-stm32.12.3.rel1.win32_1.0.100.202403111256/tools/bin/../lib/gcc/arm-none-eabi/12.3.1/../../../../arm-none-eabi/lib/thumb/v6-m/nofp\libc_nano.a
LOAD C:/ST/STM32CubeIDE_1.15.1/STM32CubeIDE/plugins/com.st.stm32cube.ide.mcu.externaltools.gnu-tools-for-stm32.12.3.rel1.win32_1.0.100.202403111256/tools/bin/../lib/gcc/arm-none-eabi/12.3.1/../../../../arm-none-eabi/lib/thumb/v6-m/nofp\libnosys.a
END GROUP
LOAD C:/ST/STM32CubeIDE_1.15.1/STM32CubeIDE/plugins/com.st.stm32cube.ide.mcu.externaltools.gnu-tools-for-stm32.12.3.rel1.win32_1.0.100.202403111256/tools/bin/../lib/gcc/arm-none-eabi/12.3.1/thumb/v6-m/nofp/crtend.o
LOAD C:/ST/STM32CubeIDE_1.15.1/STM32CubeIDE/plugins/com.st.stm32cube.ide.mcu.externaltools.gnu-tools-for-stm32.12.3.rel1.win32_1.0.100.202403111256/tools/bin/../lib/gcc/arm-none-eabi/12.3.1/thumb/v6-m/nofp/crtn.o
                0x20024000                        _estack = (ORIGIN (RAM) + LENGTH (RAM))
                0x00001000                        _Min_Heap_Size = 0x1000
                0x00000400                        _Min_Stack_Size = 0x400

.isr_vector     0x08000000       0xbc
                0x08000000                        . = ALIGN (0x4)
 *(.isr_vector)
 .isr_vector    0x08000000       0xbc ./Core/Startup/startup_stm32g0b1cbtx.o
                0x08000000                g_pfnVectors
                0x080000bc                        . = ALIGN (0x4)

.text           0x080000bc     0xd550
                0x080000bc                        . = ALIGN (0x4)
 *(.text)
 .text          0x080000bc       0x48 C:/ST/STM32CubeIDE_1.15.1/STM32CubeIDE/plugins/com.st.stm32cube.ide.mcu.externaltools.gnu-tools-for-stm32.12.3.rel1.win32_1.0.100.202403111256/tools/bin/../lib/gcc/arm-none-eabi/12.3.1/thumb/v6-m/nofp/crtbegin.o
 .text          0x08000104       0x14 C:/ST/STM32CubeIDE_1.15.1/STM32CubeIDE/plugins/com.st.stm32cube.ide.mcu.externaltools.gnu-tools-for-stm32.12.3.rel1.win32_1.0.100.202403111256/tools/bin/../lib/gcc/arm-none-eabi/12.3.1/thumb/v6-m/nofp\libgcc.a(_thumb1_case_shi.o)
                0x08000104                __gnu_thumb1_case_shi
 .text          0x08000118      0x114 C:/ST/STM32CubeIDE_1.15.1/STM32CubeIDE/plugins/com.st.stm32cube.ide.mcu.externaltools.gnu-tools-for-stm32.12.3.rel1.win32_1.0.100.202403111256/tools/bin/../lib/gcc/arm-none-eabi/12.3.1/thumb/v6-m/nofp\libgcc.a(_udivsi3.o)
                0x08000118                __aeabi_uidiv
                0x08000118                __udivsi3
                0x08000224                __aeabi_uidivmod
 .text          0x0800022c      0x1d4 C:/ST/STM32CubeIDE_1.15.1/STM32CubeIDE/plugins/com.st.stm32cube.ide.mcu.externaltools.gnu-tools-for-stm32.12.3.rel1.win32_1.0.100.202403111256/tools/bin/../lib/gcc/arm-none-eabi/12.3.1/thumb/v6-m/nofp\libgcc.a(_divsi3.o)
                0x0800022c                __divsi3
                0x0800022c                __aeabi_idiv
                0x080003f8                __aeabi_idivmod
 .text          0x08000400        0x4 C:/ST/STM32CubeIDE_1.15.1/STM32CubeIDE/plugins/com.st.stm32cube.ide.mcu.externaltools.gnu-tools-for-stm32.12.3.rel1.win32_1.0.100.202403111256/tools/bin/../lib/gcc/arm-none-eabi/12.3.1/thumb/v6-m/nofp\libgcc.a(_dvmd_tls.o)
                0x08000400                __aeabi_idiv0
                0x08000400                __aeabi_ldiv0
 .text          0x08000404       0x40 C:/ST/STM32CubeIDE_1.15.1/STM32CubeIDE/plugins/com.st.stm32cube.ide.mcu.externaltools.gnu-tools-for-stm32.12.3.rel1.win32_1.0.100.202403111256/tools/bin/../lib/gcc/arm-none-eabi/12.3.1/thumb/v6-m/nofp\libgcc.a(_aeabi_uldivmod.o)
                0x08000404                __aeabi_uldivmod
 .text          0x08000444      0x198 C:/ST/STM32CubeIDE_1.15.1/STM32CubeIDE/plugins/com.st.stm32cube.ide.mcu.externaltools.gnu-tools-for-stm32.12.3.rel1.win32_1.0.100.202403111256/tools/bin/../lib/gcc/arm-none-eabi/12.3.1/thumb/v6-m/nofp\libgcc.a(_udivmoddi4.o)
                0x08000444                __udivmoddi4
 .text          0x080005dc       0x18 C:/ST/STM32CubeIDE_1.15.1/STM32CubeIDE/plugins/com.st.stm32cube.ide.mcu.externaltools.gnu-tools-for-stm32.12.3.rel1.win32_1.0.100.202403111256/tools/bin/../lib/gcc/arm-none-eabi/12.3.1/thumb/v6-m/nofp\libgcc.a(_clzdi2.o)
                0x080005dc                __clzdi2
 .text          0x080005f4       0x3c C:/ST/STM32CubeIDE_1.15.1/STM32CubeIDE/plugins/com.st.stm32cube.ide.mcu.externaltools.gnu-tools-for-stm32.12.3.rel1.win32_1.0.100.202403111256/tools/bin/../lib/gcc/arm-none-eabi/12.3.1/thumb/v6-m/nofp\libgcc.a(_clzsi2.o)
                0x080005f4                __clzsi2
 *(.text*)
 .text.main     0x08000630       0x84 ./Core/Src/main.o
                0x08000630                main
 .text.SystemClock_Config
                0x080006b4       0xa0 ./Core/Src/main.o
                0x080006b4                SystemClock_Config
 .text.MX_FDCAN1_Init
                0x08000754       0x90 ./Core/Src/main.o
 .text.MX_I2C2_Init
                0x080007e4       0x80 ./Core/Src/main.o
 .text.MX_IWDG_Init
                0x08000864       0x40 ./Core/Src/main.o
 .text.MX_SPI2_Init
                0x080008a4       0x7c ./Core/Src/main.o
 .text.MX_TIM2_Init
                0x08000920       0xfc ./Core/Src/main.o
 .text.MX_TIM4_Init
                0x08000a1c      0x128 ./Core/Src/main.o
 .text.MX_USART2_UART_Init
                0x08000b44       0x9c ./Core/Src/main.o
 .text.MX_USART4_UART_Init
                0x08000be0       0x68 ./Core/Src/main.o
 .text.MX_DMA_Init
                0x08000c48       0x3c ./Core/Src/main.o
 .text.MX_GPIO_Init
                0x08000c84       0xc0 ./Core/Src/main.o
 .text.breathe_LED
                0x08000d44       0x7c ./Core/Src/main.o
                0x08000d44                breathe_LED
 .text.Error_Handler
                0x08000dc0        0xc ./Core/Src/main.o
                0x08000dc0                Error_Handler
 .text.HAL_MspInit
                0x08000dcc       0x50 ./Core/Src/stm32g0xx_hal_msp.o
                0x08000dcc                HAL_MspInit
 .text.HAL_FDCAN_MspInit
                0x08000e1c       0xc4 ./Core/Src/stm32g0xx_hal_msp.o
                0x08000e1c                HAL_FDCAN_MspInit
 .text.HAL_I2C_MspInit
                0x08000ee0       0xc0 ./Core/Src/stm32g0xx_hal_msp.o
                0x08000ee0                HAL_I2C_MspInit
 .text.HAL_SPI_MspInit
                0x08000fa0       0xf4 ./Core/Src/stm32g0xx_hal_msp.o
                0x08000fa0                HAL_SPI_MspInit
 .text.HAL_TIM_Base_MspInit
                0x08001094       0x60 ./Core/Src/stm32g0xx_hal_msp.o
                0x08001094                HAL_TIM_Base_MspInit
 .text.HAL_TIM_MspPostInit
                0x080010f4       0xd0 ./Core/Src/stm32g0xx_hal_msp.o
                0x080010f4                HAL_TIM_MspPostInit
 .text.HAL_UART_MspInit
                0x080011c4      0x19c ./Core/Src/stm32g0xx_hal_msp.o
                0x080011c4                HAL_UART_MspInit
 .text.NMI_Handler
                0x08001360        0x8 ./Core/Src/stm32g0xx_it.o
                0x08001360                NMI_Handler
 .text.HardFault_Handler
                0x08001368        0x8 ./Core/Src/stm32g0xx_it.o
                0x08001368                HardFault_Handler
 .text.SVC_Handler
                0x08001370        0xa ./Core/Src/stm32g0xx_it.o
                0x08001370                SVC_Handler
 .text.PendSV_Handler
                0x0800137a        0xa ./Core/Src/stm32g0xx_it.o
                0x0800137a                PendSV_Handler
 .text.SysTick_Handler
                0x08001384       0x12 ./Core/Src/stm32g0xx_it.o
                0x08001384                SysTick_Handler
 *fill*         0x08001396        0x2 
 .text.USB_UCPD1_2_IRQHandler
                0x08001398       0x18 ./Core/Src/stm32g0xx_it.o
                0x08001398                USB_UCPD1_2_IRQHandler
 .text.DMA1_Channel2_3_IRQHandler
                0x080013b0       0x18 ./Core/Src/stm32g0xx_it.o
                0x080013b0                DMA1_Channel2_3_IRQHandler
 .text.USART2_LPUART2_IRQHandler
                0x080013c8       0x18 ./Core/Src/stm32g0xx_it.o
                0x080013c8                USART2_LPUART2_IRQHandler
 .text._read    0x080013e0       0x3a ./Core/Src/syscalls.o
                0x080013e0                _read
 .text._write   0x0800141a       0x38 ./Core/Src/syscalls.o
                0x0800141a                _write
 .text._close   0x08001452       0x14 ./Core/Src/syscalls.o
                0x08001452                _close
 .text._fstat   0x08001466       0x1c ./Core/Src/syscalls.o
                0x08001466                _fstat
 .text._isatty  0x08001482       0x12 ./Core/Src/syscalls.o
                0x08001482                _isatty
 .text._lseek   0x08001494       0x16 ./Core/Src/syscalls.o
                0x08001494                _lseek
 *fill*         0x080014aa        0x2 
 .text._sbrk    0x080014ac       0x6c ./Core/Src/sysmem.o
                0x080014ac                _sbrk
 .text.SystemInit
                0x08001518        0xa ./Core/Src/system_stm32g0xx.o
                0x08001518                SystemInit
 *fill*         0x08001522        0x2 
 .text.Reset_Handler
                0x08001524       0x50 ./Core/Startup/startup_stm32g0b1cbtx.o
                0x08001524                Reset_Handler
 .text.Default_Handler
                0x08001574        0x2 ./Core/Startup/startup_stm32g0b1cbtx.o
                0x08001574                I2C2_3_IRQHandler
                0x08001574                USART3_4_5_6_LPUART1_IRQHandler
                0x08001574                TIM1_CC_IRQHandler
                0x08001574                ADC1_COMP_IRQHandler
                0x08001574                I2C1_IRQHandler
                0x08001574                TIM7_LPTIM2_IRQHandler
                0x08001574                TIM17_FDCAN_IT1_IRQHandler
                0x08001574                DMA1_Ch4_7_DMA2_Ch1_5_DMAMUX1_OVR_IRQHandler
                0x08001574                RCC_CRS_IRQHandler
                0x08001574                RTC_TAMP_IRQHandler
                0x08001574                SPI1_IRQHandler
                0x08001574                EXTI2_3_IRQHandler
                0x08001574                PVD_VDDIO2_IRQHandler
                0x08001574                EXTI4_15_IRQHandler
                0x08001574                DMA1_Channel1_IRQHandler
                0x08001574                Default_Handler
                0x08001574                CEC_IRQHandler
                0x08001574                TIM14_IRQHandler
                0x08001574                TIM15_IRQHandler
                0x08001574                TIM3_TIM4_IRQHandler
                0x08001574                EXTI0_1_IRQHandler
                0x08001574                SPI2_3_IRQHandler
                0x08001574                TIM6_DAC_LPTIM1_IRQHandler
                0x08001574                WWDG_IRQHandler
                0x08001574                TIM2_IRQHandler
                0x08001574                FLASH_IRQHandler
                0x08001574                USART1_IRQHandler
                0x08001574                TIM16_FDCAN_IT0_IRQHandler
                0x08001574                TIM1_BRK_UP_TRG_COM_IRQHandler
 *fill*         0x08001576        0x2 
 .text.HAL_Init
                0x08001578       0x40 ./Drivers/STM32G0xx_HAL_Driver/Src/stm32g0xx_hal.o
                0x08001578                HAL_Init
 .text.HAL_InitTick
                0x080015b8       0x94 ./Drivers/STM32G0xx_HAL_Driver/Src/stm32g0xx_hal.o
                0x080015b8                HAL_InitTick
 .text.HAL_IncTick
                0x0800164c       0x24 ./Drivers/STM32G0xx_HAL_Driver/Src/stm32g0xx_hal.o
                0x0800164c                HAL_IncTick
 .text.HAL_GetTick
                0x08001670       0x14 ./Drivers/STM32G0xx_HAL_Driver/Src/stm32g0xx_hal.o
                0x08001670                HAL_GetTick
 .text.HAL_SYSCFG_StrobeDBattpinsConfig
                0x08001684       0x2c ./Drivers/STM32G0xx_HAL_Driver/Src/stm32g0xx_hal.o
                0x08001684                HAL_SYSCFG_StrobeDBattpinsConfig
 .text.__NVIC_EnableIRQ
                0x080016b0       0x34 ./Drivers/STM32G0xx_HAL_Driver/Src/stm32g0xx_hal_cortex.o
 .text.__NVIC_SetPriority
                0x080016e4       0xdc ./Drivers/STM32G0xx_HAL_Driver/Src/stm32g0xx_hal_cortex.o
 .text.SysTick_Config
                0x080017c0       0x48 ./Drivers/STM32G0xx_HAL_Driver/Src/stm32g0xx_hal_cortex.o
 .text.HAL_NVIC_SetPriority
                0x08001808       0x2a ./Drivers/STM32G0xx_HAL_Driver/Src/stm32g0xx_hal_cortex.o
                0x08001808                HAL_NVIC_SetPriority
 .text.HAL_NVIC_EnableIRQ
                0x08001832       0x20 ./Drivers/STM32G0xx_HAL_Driver/Src/stm32g0xx_hal_cortex.o
                0x08001832                HAL_NVIC_EnableIRQ
 .text.HAL_SYSTICK_Config
                0x08001852       0x1a ./Drivers/STM32G0xx_HAL_Driver/Src/stm32g0xx_hal_cortex.o
                0x08001852                HAL_SYSTICK_Config
 .text.HAL_DMA_Init
                0x0800186c      0x158 ./Drivers/STM32G0xx_HAL_Driver/Src/stm32g0xx_hal_dma.o
                0x0800186c                HAL_DMA_Init
 .text.HAL_DMA_Abort
                0x080019c4       0xc0 ./Drivers/STM32G0xx_HAL_Driver/Src/stm32g0xx_hal_dma.o
                0x080019c4                HAL_DMA_Abort
 .text.HAL_DMA_Abort_IT
                0x08001a84       0xd0 ./Drivers/STM32G0xx_HAL_Driver/Src/stm32g0xx_hal_dma.o
                0x08001a84                HAL_DMA_Abort_IT
 .text.HAL_DMA_IRQHandler
                0x08001b54      0x188 ./Drivers/STM32G0xx_HAL_Driver/Src/stm32g0xx_hal_dma.o
                0x08001b54                HAL_DMA_IRQHandler
 .text.DMA_CalcDMAMUXChannelBaseAndMask
                0x08001cdc       0x94 ./Drivers/STM32G0xx_HAL_Driver/Src/stm32g0xx_hal_dma.o
 .text.DMA_CalcDMAMUXRequestGenBaseAndMask
                0x08001d70       0x48 ./Drivers/STM32G0xx_HAL_Driver/Src/stm32g0xx_hal_dma.o
 .text.HAL_FDCAN_Init
                0x08001db8      0x2cc ./Drivers/STM32G0xx_HAL_Driver/Src/stm32g0xx_hal_fdcan.o
                0x08001db8                HAL_FDCAN_Init
 .text.FDCAN_CalcultateRamBlockAddresses
                0x08002084       0xd8 ./Drivers/STM32G0xx_HAL_Driver/Src/stm32g0xx_hal_fdcan.o
 .text.HAL_GPIO_Init
                0x0800215c      0x2d8 ./Drivers/STM32G0xx_HAL_Driver/Src/stm32g0xx_hal_gpio.o
                0x0800215c                HAL_GPIO_Init
 .text.HAL_GPIO_WritePin
                0x08002434       0x3a ./Drivers/STM32G0xx_HAL_Driver/Src/stm32g0xx_hal_gpio.o
                0x08002434                HAL_GPIO_WritePin
 *fill*         0x0800246e        0x2 
 .text.HAL_I2C_Init
                0x08002470      0x14c ./Drivers/STM32G0xx_HAL_Driver/Src/stm32g0xx_hal_i2c.o
                0x08002470                HAL_I2C_Init
 .text.HAL_I2CEx_ConfigAnalogFilter
                0x080025bc       0x98 ./Drivers/STM32G0xx_HAL_Driver/Src/stm32g0xx_hal_i2c_ex.o
                0x080025bc                HAL_I2CEx_ConfigAnalogFilter
 .text.HAL_I2CEx_ConfigDigitalFilter
                0x08002654       0x98 ./Drivers/STM32G0xx_HAL_Driver/Src/stm32g0xx_hal_i2c_ex.o
                0x08002654                HAL_I2CEx_ConfigDigitalFilter
 .text.HAL_IWDG_Init
                0x080026ec       0xa4 ./Drivers/STM32G0xx_HAL_Driver/Src/stm32g0xx_hal_iwdg.o
                0x080026ec                HAL_IWDG_Init
 .text.HAL_IWDG_Refresh
                0x08002790       0x20 ./Drivers/STM32G0xx_HAL_Driver/Src/stm32g0xx_hal_iwdg.o
                0x08002790                HAL_IWDG_Refresh
 .text.PCD_GET_EP_RX_CNT
                0x080027b0       0x44 ./Drivers/STM32G0xx_HAL_Driver/Src/stm32g0xx_hal_pcd.o
 .text.PCD_GET_EP_DBUF0_CNT
                0x080027f4       0x44 ./Drivers/STM32G0xx_HAL_Driver/Src/stm32g0xx_hal_pcd.o
 .text.PCD_GET_EP_DBUF1_CNT
                0x08002838       0x44 ./Drivers/STM32G0xx_HAL_Driver/Src/stm32g0xx_hal_pcd.o
 .text.HAL_PCD_Init
                0x0800287c      0x1f4 ./Drivers/STM32G0xx_HAL_Driver/Src/stm32g0xx_hal_pcd.o
                0x0800287c                HAL_PCD_Init
 .text.HAL_PCD_Start
                0x08002a70       0x4a ./Drivers/STM32G0xx_HAL_Driver/Src/stm32g0xx_hal_pcd.o
                0x08002a70                HAL_PCD_Start
 *fill*         0x08002aba        0x2 
 .text.HAL_PCD_IRQHandler
                0x08002abc      0x22c ./Drivers/STM32G0xx_HAL_Driver/Src/stm32g0xx_hal_pcd.o
                0x08002abc                HAL_PCD_IRQHandler
 .text.HAL_PCD_SetAddress
                0x08002ce8       0x54 ./Drivers/STM32G0xx_HAL_Driver/Src/stm32g0xx_hal_pcd.o
                0x08002ce8                HAL_PCD_SetAddress
 .text.HAL_PCD_EP_Open
                0x08002d3c       0xe2 ./Drivers/STM32G0xx_HAL_Driver/Src/stm32g0xx_hal_pcd.o
                0x08002d3c                HAL_PCD_EP_Open
 .text.HAL_PCD_EP_Close
                0x08002e1e       0xa6 ./Drivers/STM32G0xx_HAL_Driver/Src/stm32g0xx_hal_pcd.o
                0x08002e1e                HAL_PCD_EP_Close
 .text.HAL_PCD_EP_Receive
                0x08002ec4       0x70 ./Drivers/STM32G0xx_HAL_Driver/Src/stm32g0xx_hal_pcd.o
                0x08002ec4                HAL_PCD_EP_Receive
 .text.HAL_PCD_EP_GetRxCount
                0x08002f34       0x32 ./Drivers/STM32G0xx_HAL_Driver/Src/stm32g0xx_hal_pcd.o
                0x08002f34                HAL_PCD_EP_GetRxCount
 .text.HAL_PCD_EP_Transmit
                0x08002f66       0x7a ./Drivers/STM32G0xx_HAL_Driver/Src/stm32g0xx_hal_pcd.o
                0x08002f66                HAL_PCD_EP_Transmit
 .text.HAL_PCD_EP_SetStall
                0x08002fe0       0xbc ./Drivers/STM32G0xx_HAL_Driver/Src/stm32g0xx_hal_pcd.o
                0x08002fe0                HAL_PCD_EP_SetStall
 .text.HAL_PCD_EP_ClrStall
                0x0800309c       0xc0 ./Drivers/STM32G0xx_HAL_Driver/Src/stm32g0xx_hal_pcd.o
                0x0800309c                HAL_PCD_EP_ClrStall
 .text.PCD_EP_ISR_Handler
                0x0800315c      0x6e0 ./Drivers/STM32G0xx_HAL_Driver/Src/stm32g0xx_hal_pcd.o
 .text.HAL_PCD_EP_DB_Receive
                0x0800383c      0x1d4 ./Drivers/STM32G0xx_HAL_Driver/Src/stm32g0xx_hal_pcd.o
 .text.HAL_PCD_EP_DB_Transmit
                0x08003a10      0x794 ./Drivers/STM32G0xx_HAL_Driver/Src/stm32g0xx_hal_pcd.o
 .text.HAL_PCDEx_PMAConfig
                0x080041a4       0xa0 ./Drivers/STM32G0xx_HAL_Driver/Src/stm32g0xx_hal_pcd_ex.o
                0x080041a4                HAL_PCDEx_PMAConfig
 .text.HAL_PCDEx_ActivateLPM
                0x08004244       0x44 ./Drivers/STM32G0xx_HAL_Driver/Src/stm32g0xx_hal_pcd_ex.o
                0x08004244                HAL_PCDEx_ActivateLPM
 .text.HAL_PWREx_EnableVddUSB
                0x08004288       0x1c ./Drivers/STM32G0xx_HAL_Driver/Src/stm32g0xx_hal_pwr_ex.o
                0x08004288                HAL_PWREx_EnableVddUSB
 .text.HAL_PWREx_ControlVoltageScaling
                0x080042a4       0x80 ./Drivers/STM32G0xx_HAL_Driver/Src/stm32g0xx_hal_pwr_ex.o
                0x080042a4                HAL_PWREx_ControlVoltageScaling
 .text.LL_RCC_GetAPB1Prescaler
                0x08004324       0x18 ./Drivers/STM32G0xx_HAL_Driver/Src/stm32g0xx_hal_rcc.o
 .text.HAL_RCC_OscConfig
                0x0800433c      0x6c0 ./Drivers/STM32G0xx_HAL_Driver/Src/stm32g0xx_hal_rcc.o
                0x0800433c                HAL_RCC_OscConfig
 .text.HAL_RCC_ClockConfig
                0x080049fc      0x210 ./Drivers/STM32G0xx_HAL_Driver/Src/stm32g0xx_hal_rcc.o
                0x080049fc                HAL_RCC_ClockConfig
 .text.HAL_RCC_GetSysClockFreq
                0x08004c0c      0x104 ./Drivers/STM32G0xx_HAL_Driver/Src/stm32g0xx_hal_rcc.o
                0x08004c0c                HAL_RCC_GetSysClockFreq
 .text.HAL_RCC_GetHCLKFreq
                0x08004d10       0x14 ./Drivers/STM32G0xx_HAL_Driver/Src/stm32g0xx_hal_rcc.o
                0x08004d10                HAL_RCC_GetHCLKFreq
 .text.HAL_RCC_GetPCLK1Freq
                0x08004d24       0x2c ./Drivers/STM32G0xx_HAL_Driver/Src/stm32g0xx_hal_rcc.o
                0x08004d24                HAL_RCC_GetPCLK1Freq
 .text.HAL_RCCEx_PeriphCLKConfig
                0x08004d50      0x478 ./Drivers/STM32G0xx_HAL_Driver/Src/stm32g0xx_hal_rcc_ex.o
                0x08004d50                HAL_RCCEx_PeriphCLKConfig
 .text.HAL_SPI_Init
                0x080051c8      0x170 ./Drivers/STM32G0xx_HAL_Driver/Src/stm32g0xx_hal_spi.o
                0x080051c8                HAL_SPI_Init
 .text.HAL_TIM_Base_Init
                0x08005338       0xb0 ./Drivers/STM32G0xx_HAL_Driver/Src/stm32g0xx_hal_tim.o
                0x08005338                HAL_TIM_Base_Init
 .text.HAL_TIM_PWM_Init
                0x080053e8       0xb0 ./Drivers/STM32G0xx_HAL_Driver/Src/stm32g0xx_hal_tim.o
                0x080053e8                HAL_TIM_PWM_Init
 .text.HAL_TIM_PWM_MspInit
                0x08005498       0x10 ./Drivers/STM32G0xx_HAL_Driver/Src/stm32g0xx_hal_tim.o
                0x08005498                HAL_TIM_PWM_MspInit
 .text.HAL_TIM_PWM_Start
                0x080054a8      0x1e0 ./Drivers/STM32G0xx_HAL_Driver/Src/stm32g0xx_hal_tim.o
                0x080054a8                HAL_TIM_PWM_Start
 .text.HAL_TIM_PWM_ConfigChannel
                0x08005688      0x200 ./Drivers/STM32G0xx_HAL_Driver/Src/stm32g0xx_hal_tim.o
                0x08005688                HAL_TIM_PWM_ConfigChannel
 .text.HAL_TIM_ConfigClockSource
                0x08005888      0x1ac ./Drivers/STM32G0xx_HAL_Driver/Src/stm32g0xx_hal_tim.o
                0x08005888                HAL_TIM_ConfigClockSource
 .text.TIM_Base_SetConfig
                0x08005a34      0x130 ./Drivers/STM32G0xx_HAL_Driver/Src/stm32g0xx_hal_tim.o
                0x08005a34                TIM_Base_SetConfig
 .text.TIM_OC1_SetConfig
                0x08005b64      0x114 ./Drivers/STM32G0xx_HAL_Driver/Src/stm32g0xx_hal_tim.o
 .text.TIM_OC2_SetConfig
                0x08005c78      0x108 ./Drivers/STM32G0xx_HAL_Driver/Src/stm32g0xx_hal_tim.o
                0x08005c78                TIM_OC2_SetConfig
 .text.TIM_OC3_SetConfig
                0x08005d80      0x110 ./Drivers/STM32G0xx_HAL_Driver/Src/stm32g0xx_hal_tim.o
 .text.TIM_OC4_SetConfig
                0x08005e90       0xd4 ./Drivers/STM32G0xx_HAL_Driver/Src/stm32g0xx_hal_tim.o
 .text.TIM_OC5_SetConfig
                0x08005f64       0xc0 ./Drivers/STM32G0xx_HAL_Driver/Src/stm32g0xx_hal_tim.o
 .text.TIM_OC6_SetConfig
                0x08006024       0xc8 ./Drivers/STM32G0xx_HAL_Driver/Src/stm32g0xx_hal_tim.o
 .text.TIM_TI1_ConfigInputStage
                0x080060ec       0x5c ./Drivers/STM32G0xx_HAL_Driver/Src/stm32g0xx_hal_tim.o
 .text.TIM_TI2_ConfigInputStage
                0x08006148       0x64 ./Drivers/STM32G0xx_HAL_Driver/Src/stm32g0xx_hal_tim.o
 .text.TIM_ITRx_SetConfig
                0x080061ac       0x38 ./Drivers/STM32G0xx_HAL_Driver/Src/stm32g0xx_hal_tim.o
 .text.TIM_ETR_SetConfig
                0x080061e4       0x40 ./Drivers/STM32G0xx_HAL_Driver/Src/stm32g0xx_hal_tim.o
                0x080061e4                TIM_ETR_SetConfig
 .text.TIM_CCxChannelCmd
                0x08006224       0x46 ./Drivers/STM32G0xx_HAL_Driver/Src/stm32g0xx_hal_tim.o
                0x08006224                TIM_CCxChannelCmd
 *fill*         0x0800626a        0x2 
 .text.HAL_TIMEx_MasterConfigSynchronization
                0x0800626c       0xec ./Drivers/STM32G0xx_HAL_Driver/Src/stm32g0xx_hal_tim_ex.o
                0x0800626c                HAL_TIMEx_MasterConfigSynchronization
 .text.HAL_UART_Init
                0x08006358       0xac ./Drivers/STM32G0xx_HAL_Driver/Src/stm32g0xx_hal_uart.o
                0x08006358                HAL_UART_Init
 .text.HAL_UART_IRQHandler
                0x08006404      0x64c ./Drivers/STM32G0xx_HAL_Driver/Src/stm32g0xx_hal_uart.o
                0x08006404                HAL_UART_IRQHandler
 .text.HAL_UART_TxCpltCallback
                0x08006a50       0x10 ./Drivers/STM32G0xx_HAL_Driver/Src/stm32g0xx_hal_uart.o
                0x08006a50                HAL_UART_TxCpltCallback
 .text.HAL_UART_ErrorCallback
                0x08006a60       0x10 ./Drivers/STM32G0xx_HAL_Driver/Src/stm32g0xx_hal_uart.o
                0x08006a60                HAL_UART_ErrorCallback
 .text.HAL_UARTEx_RxEventCallback
                0x08006a70       0x16 ./Drivers/STM32G0xx_HAL_Driver/Src/stm32g0xx_hal_uart.o
                0x08006a70                HAL_UARTEx_RxEventCallback
 *fill*         0x08006a86        0x2 
 .text.UART_SetConfig
                0x08006a88      0x6ac ./Drivers/STM32G0xx_HAL_Driver/Src/stm32g0xx_hal_uart.o
                0x08006a88                UART_SetConfig
 .text.UART_AdvFeatureConfig
                0x08007134      0x168 ./Drivers/STM32G0xx_HAL_Driver/Src/stm32g0xx_hal_uart.o
                0x08007134                UART_AdvFeatureConfig
 .text.UART_CheckIdleState
                0x0800729c      0x154 ./Drivers/STM32G0xx_HAL_Driver/Src/stm32g0xx_hal_uart.o
                0x0800729c                UART_CheckIdleState
 .text.UART_WaitOnFlagUntilTimeout
                0x080073f0       0xde ./Drivers/STM32G0xx_HAL_Driver/Src/stm32g0xx_hal_uart.o
                0x080073f0                UART_WaitOnFlagUntilTimeout
 *fill*         0x080074ce        0x2 
 .text.UART_EndRxTransfer
                0x080074d0       0xcc ./Drivers/STM32G0xx_HAL_Driver/Src/stm32g0xx_hal_uart.o
 .text.UART_DMAAbortOnError
                0x0800759c       0x2e ./Drivers/STM32G0xx_HAL_Driver/Src/stm32g0xx_hal_uart.o
 .text.UART_EndTransmit_IT
                0x080075ca       0x58 ./Drivers/STM32G0xx_HAL_Driver/Src/stm32g0xx_hal_uart.o
 .text.HAL_UARTEx_WakeupCallback
                0x08007622       0x10 ./Drivers/STM32G0xx_HAL_Driver/Src/stm32g0xx_hal_uart_ex.o
                0x08007622                HAL_UARTEx_WakeupCallback
 .text.HAL_UARTEx_RxFifoFullCallback
                0x08007632       0x10 ./Drivers/STM32G0xx_HAL_Driver/Src/stm32g0xx_hal_uart_ex.o
                0x08007632                HAL_UARTEx_RxFifoFullCallback
 .text.HAL_UARTEx_TxFifoEmptyCallback
                0x08007642       0x10 ./Drivers/STM32G0xx_HAL_Driver/Src/stm32g0xx_hal_uart_ex.o
                0x08007642                HAL_UARTEx_TxFifoEmptyCallback
 *fill*         0x08007652        0x2 
 .text.HAL_UARTEx_DisableFifoMode
                0x08007654       0x74 ./Drivers/STM32G0xx_HAL_Driver/Src/stm32g0xx_hal_uart_ex.o
                0x08007654                HAL_UARTEx_DisableFifoMode
 .text.HAL_UARTEx_SetTxFifoThreshold
                0x080076c8       0x7e ./Drivers/STM32G0xx_HAL_Driver/Src/stm32g0xx_hal_uart_ex.o
                0x080076c8                HAL_UARTEx_SetTxFifoThreshold
 *fill*         0x08007746        0x2 
 .text.HAL_UARTEx_SetRxFifoThreshold
                0x08007748       0x84 ./Drivers/STM32G0xx_HAL_Driver/Src/stm32g0xx_hal_uart_ex.o
                0x08007748                HAL_UARTEx_SetRxFifoThreshold
 .text.UARTEx_SetNbDataToProcess
                0x080077cc       0xbc ./Drivers/STM32G0xx_HAL_Driver/Src/stm32g0xx_hal_uart_ex.o
 .text.USB_EnableGlobalInt
                0x08007888       0x28 ./Drivers/STM32G0xx_HAL_Driver/Src/stm32g0xx_ll_usb.o
                0x08007888                USB_EnableGlobalInt
 .text.USB_DisableGlobalInt
                0x080078b0       0x28 ./Drivers/STM32G0xx_HAL_Driver/Src/stm32g0xx_ll_usb.o
                0x080078b0                USB_DisableGlobalInt
 .text.USB_SetCurrentMode
                0x080078d8       0x4a ./Drivers/STM32G0xx_HAL_Driver/Src/stm32g0xx_ll_usb.o
                0x080078d8                USB_SetCurrentMode
 .text.USB_DevInit
                0x08007922       0x56 ./Drivers/STM32G0xx_HAL_Driver/Src/stm32g0xx_ll_usb.o
                0x08007922                USB_DevInit
 .text.USB_ActivateEndpoint
                0x08007978      0x668 ./Drivers/STM32G0xx_HAL_Driver/Src/stm32g0xx_ll_usb.o
                0x08007978                USB_ActivateEndpoint
 .text.USB_DeactivateEndpoint
                0x08007fe0      0x2cc ./Drivers/STM32G0xx_HAL_Driver/Src/stm32g0xx_ll_usb.o
                0x08007fe0                USB_DeactivateEndpoint
 .text.USB_EPStartXfer
                0x080082ac     0x102c ./Drivers/STM32G0xx_HAL_Driver/Src/stm32g0xx_ll_usb.o
                0x080082ac                USB_EPStartXfer
 .text.USB_EPSetStall
                0x080092d8       0x84 ./Drivers/STM32G0xx_HAL_Driver/Src/stm32g0xx_ll_usb.o
                0x080092d8                USB_EPSetStall
 .text.USB_EPClearStall
                0x0800935c      0x124 ./Drivers/STM32G0xx_HAL_Driver/Src/stm32g0xx_ll_usb.o
                0x0800935c                USB_EPClearStall
 .text.USB_SetDevAddress
                0x08009480       0x26 ./Drivers/STM32G0xx_HAL_Driver/Src/stm32g0xx_ll_usb.o
                0x08009480                USB_SetDevAddress
 .text.USB_DevConnect
                0x080094a6       0x20 ./Drivers/STM32G0xx_HAL_Driver/Src/stm32g0xx_ll_usb.o
                0x080094a6                USB_DevConnect
 .text.USB_ReadInterrupts
                0x080094c6       0x18 ./Drivers/STM32G0xx_HAL_Driver/Src/stm32g0xx_ll_usb.o
                0x080094c6                USB_ReadInterrupts
 *fill*         0x080094de        0x2 
 .text.USB_WritePMA
                0x080094e0       0xec ./Drivers/STM32G0xx_HAL_Driver/Src/stm32g0xx_ll_usb.o
                0x080094e0                USB_WritePMA
 .text.USB_ReadPMA
                0x080095cc      0x120 ./Drivers/STM32G0xx_HAL_Driver/Src/stm32g0xx_ll_usb.o
                0x080095cc                USB_ReadPMA
 .text.USBD_CDC_Init
                0x080096ec      0x220 ./Middlewares/ST/STM32_USB_Device_Library/Class/CDC/Src/usbd_cdc.o
 .text.USBD_CDC_DeInit
                0x0800990c      0x120 ./Middlewares/ST/STM32_USB_Device_Library/Class/CDC/Src/usbd_cdc.o
 .text.USBD_CDC_Setup
                0x08009a2c      0x1f0 ./Middlewares/ST/STM32_USB_Device_Library/Class/CDC/Src/usbd_cdc.o
 .text.USBD_CDC_DataIn
                0x08009c1c      0x11e ./Middlewares/ST/STM32_USB_Device_Library/Class/CDC/Src/usbd_cdc.o
 .text.USBD_CDC_DataOut
                0x08009d3a       0x86 ./Middlewares/ST/STM32_USB_Device_Library/Class/CDC/Src/usbd_cdc.o
 .text.USBD_CDC_EP0_RxReady
                0x08009dc0       0x88 ./Middlewares/ST/STM32_USB_Device_Library/Class/CDC/Src/usbd_cdc.o
 .text.USBD_CDC_GetFSCfgDesc
                0x08009e48       0x90 ./Middlewares/ST/STM32_USB_Device_Library/Class/CDC/Src/usbd_cdc.o
 .text.USBD_CDC_GetHSCfgDesc
                0x08009ed8       0x90 ./Middlewares/ST/STM32_USB_Device_Library/Class/CDC/Src/usbd_cdc.o
 .text.USBD_CDC_GetOtherSpeedCfgDesc
                0x08009f68       0x90 ./Middlewares/ST/STM32_USB_Device_Library/Class/CDC/Src/usbd_cdc.o
 .text.USBD_CDC_GetDeviceQualifierDescriptor
                0x08009ff8       0x1c ./Middlewares/ST/STM32_USB_Device_Library/Class/CDC/Src/usbd_cdc.o
                0x08009ff8                USBD_CDC_GetDeviceQualifierDescriptor
 .text.USBD_CDC_RegisterInterface
                0x0800a014       0x34 ./Middlewares/ST/STM32_USB_Device_Library/Class/CDC/Src/usbd_cdc.o
                0x0800a014                USBD_CDC_RegisterInterface
 .text.USBD_CDC_SetTxBuffer
                0x0800a048       0x46 ./Middlewares/ST/STM32_USB_Device_Library/Class/CDC/Src/usbd_cdc.o
                0x0800a048                USBD_CDC_SetTxBuffer
 .text.USBD_CDC_SetRxBuffer
                0x0800a08e       0x3a ./Middlewares/ST/STM32_USB_Device_Library/Class/CDC/Src/usbd_cdc.o
                0x0800a08e                USBD_CDC_SetRxBuffer
 .text.USBD_CDC_TransmitPacket
                0x0800a0c8       0x9c ./Middlewares/ST/STM32_USB_Device_Library/Class/CDC/Src/usbd_cdc.o
                0x0800a0c8                USBD_CDC_TransmitPacket
 .text.USBD_CDC_ReceivePacket
                0x0800a164       0x74 ./Middlewares/ST/STM32_USB_Device_Library/Class/CDC/Src/usbd_cdc.o
                0x0800a164                USBD_CDC_ReceivePacket
 .text.USBD_Init
                0x0800a1d8       0x94 ./Middlewares/ST/STM32_USB_Device_Library/Core/Src/usbd_core.o
                0x0800a1d8                USBD_Init
 .text.USBD_RegisterClass
                0x0800a26c       0x9c ./Middlewares/ST/STM32_USB_Device_Library/Core/Src/usbd_core.o
                0x0800a26c                USBD_RegisterClass
 .text.USBD_Start
                0x0800a308       0x1a ./Middlewares/ST/STM32_USB_Device_Library/Core/Src/usbd_core.o
                0x0800a308                USBD_Start
 .text.USBD_RunTestMode
                0x0800a322       0x12 ./Middlewares/ST/STM32_USB_Device_Library/Core/Src/usbd_core.o
                0x0800a322                USBD_RunTestMode
 .text.USBD_SetClassConfig
                0x0800a334       0x4a ./Middlewares/ST/STM32_USB_Device_Library/Core/Src/usbd_core.o
                0x0800a334                USBD_SetClassConfig
 .text.USBD_ClrClassConfig
                0x0800a37e       0x42 ./Middlewares/ST/STM32_USB_Device_Library/Core/Src/usbd_core.o
                0x0800a37e                USBD_ClrClassConfig
 .text.USBD_LL_SetupStage
                0x0800a3c0       0xd4 ./Middlewares/ST/STM32_USB_Device_Library/Core/Src/usbd_core.o
                0x0800a3c0                USBD_LL_SetupStage
 .text.USBD_LL_DataOutStage
                0x0800a494      0x1d0 ./Middlewares/ST/STM32_USB_Device_Library/Core/Src/usbd_core.o
                0x0800a494                USBD_LL_DataOutStage
 .text.USBD_LL_DataInStage
                0x0800a664      0x1b0 ./Middlewares/ST/STM32_USB_Device_Library/Core/Src/usbd_core.o
                0x0800a664                USBD_LL_DataInStage
 .text.USBD_LL_Reset
                0x0800a814       0xbe ./Middlewares/ST/STM32_USB_Device_Library/Core/Src/usbd_core.o
                0x0800a814                USBD_LL_Reset
 .text.USBD_LL_SetSpeed
                0x0800a8d2       0x20 ./Middlewares/ST/STM32_USB_Device_Library/Core/Src/usbd_core.o
                0x0800a8d2                USBD_LL_SetSpeed
 *fill*         0x0800a8f2        0x2 
 .text.USBD_LL_Suspend
                0x0800a8f4       0x30 ./Middlewares/ST/STM32_USB_Device_Library/Core/Src/usbd_core.o
                0x0800a8f4                USBD_LL_Suspend
 .text.USBD_LL_Resume
                0x0800a924       0x34 ./Middlewares/ST/STM32_USB_Device_Library/Core/Src/usbd_core.o
                0x0800a924                USBD_LL_Resume
 .text.USBD_LL_SOF
                0x0800a958       0x4a ./Middlewares/ST/STM32_USB_Device_Library/Core/Src/usbd_core.o
                0x0800a958                USBD_LL_SOF
 .text.USBD_CoreFindIF
                0x0800a9a2       0x18 ./Middlewares/ST/STM32_USB_Device_Library/Core/Src/usbd_core.o
                0x0800a9a2                USBD_CoreFindIF
 .text.USBD_CoreFindEP
                0x0800a9ba       0x18 ./Middlewares/ST/STM32_USB_Device_Library/Core/Src/usbd_core.o
                0x0800a9ba                USBD_CoreFindEP
 .text.USBD_GetEpDesc
                0x0800a9d2       0x8e ./Middlewares/ST/STM32_USB_Device_Library/Core/Src/usbd_core.o
                0x0800a9d2                USBD_GetEpDesc
 .text.USBD_GetNextDesc
                0x0800aa60       0x34 ./Middlewares/ST/STM32_USB_Device_Library/Core/Src/usbd_core.o
                0x0800aa60                USBD_GetNextDesc
 .text.SWAPBYTE
                0x0800aa94       0x4a ./Middlewares/ST/STM32_USB_Device_Library/Core/Src/usbd_ctlreq.o
 *fill*         0x0800aade        0x2 
 .text.USBD_StdDevReq
                0x0800aae0       0xfc ./Middlewares/ST/STM32_USB_Device_Library/Core/Src/usbd_ctlreq.o
                0x0800aae0                USBD_StdDevReq
 .text.USBD_StdItfReq
                0x0800abdc      0x11a ./Middlewares/ST/STM32_USB_Device_Library/Core/Src/usbd_ctlreq.o
                0x0800abdc                USBD_StdItfReq
 .text.USBD_StdEPReq
                0x0800acf6      0x40a ./Middlewares/ST/STM32_USB_Device_Library/Core/Src/usbd_ctlreq.o
                0x0800acf6                USBD_StdEPReq
 .text.USBD_GetDescriptor
                0x0800b100      0x3b4 ./Middlewares/ST/STM32_USB_Device_Library/Core/Src/usbd_ctlreq.o
 .text.USBD_SetAddress
                0x0800b4b4       0xac ./Middlewares/ST/STM32_USB_Device_Library/Core/Src/usbd_ctlreq.o
 .text.USBD_SetConfig
                0x0800b560      0x19c ./Middlewares/ST/STM32_USB_Device_Library/Core/Src/usbd_ctlreq.o
 .text.USBD_GetConfig
                0x0800b6fc       0x78 ./Middlewares/ST/STM32_USB_Device_Library/Core/Src/usbd_ctlreq.o
 .text.USBD_GetStatus
                0x0800b774       0x76 ./Middlewares/ST/STM32_USB_Device_Library/Core/Src/usbd_ctlreq.o
 .text.USBD_SetFeature
                0x0800b7ea       0x5e ./Middlewares/ST/STM32_USB_Device_Library/Core/Src/usbd_ctlreq.o
 .text.USBD_ClrFeature
                0x0800b848       0x4e ./Middlewares/ST/STM32_USB_Device_Library/Core/Src/usbd_ctlreq.o
 .text.USBD_ParseSetupRequest
                0x0800b896       0x7a ./Middlewares/ST/STM32_USB_Device_Library/Core/Src/usbd_ctlreq.o
                0x0800b896                USBD_ParseSetupRequest
 .text.USBD_CtlError
                0x0800b910       0x26 ./Middlewares/ST/STM32_USB_Device_Library/Core/Src/usbd_ctlreq.o
                0x0800b910                USBD_CtlError
 .text.USBD_GetString
                0x0800b936       0xac ./Middlewares/ST/STM32_USB_Device_Library/Core/Src/usbd_ctlreq.o
                0x0800b936                USBD_GetString
 .text.USBD_GetLen
                0x0800b9e2       0x3e ./Middlewares/ST/STM32_USB_Device_Library/Core/Src/usbd_ctlreq.o
 .text.USBD_CtlSendData
                0x0800ba20       0x38 ./Middlewares/ST/STM32_USB_Device_Library/Core/Src/usbd_ioreq.o
                0x0800ba20                USBD_CtlSendData
 .text.USBD_CtlContinueSendData
                0x0800ba58       0x22 ./Middlewares/ST/STM32_USB_Device_Library/Core/Src/usbd_ioreq.o
                0x0800ba58                USBD_CtlContinueSendData
 .text.USBD_CtlPrepareRx
                0x0800ba7a       0x40 ./Middlewares/ST/STM32_USB_Device_Library/Core/Src/usbd_ioreq.o
                0x0800ba7a                USBD_CtlPrepareRx
 .text.USBD_CtlContinueRx
                0x0800baba       0x22 ./Middlewares/ST/STM32_USB_Device_Library/Core/Src/usbd_ioreq.o
                0x0800baba                USBD_CtlContinueRx
 .text.USBD_CtlSendStatus
                0x0800badc       0x28 ./Middlewares/ST/STM32_USB_Device_Library/Core/Src/usbd_ioreq.o
                0x0800badc                USBD_CtlSendStatus
 .text.USBD_CtlReceiveStatus
                0x0800bb04       0x28 ./Middlewares/ST/STM32_USB_Device_Library/Core/Src/usbd_ioreq.o
                0x0800bb04                USBD_CtlReceiveStatus
 .text.MX_USB_Device_Init
                0x0800bb2c       0x68 ./USB_Device/App/usb_device.o
                0x0800bb2c                MX_USB_Device_Init
 .text.CDC_Init_FS
                0x0800bb94       0x30 ./USB_Device/App/usbd_cdc_if.o
 .text.CDC_DeInit_FS
                0x0800bbc4        0xc ./USB_Device/App/usbd_cdc_if.o
 .text.CDC_Control_FS
                0x0800bbd0       0x38 ./USB_Device/App/usbd_cdc_if.o
 .text.CDC_Receive_FS
                0x0800bc08       0x2c ./USB_Device/App/usbd_cdc_if.o
 .text.CDC_Transmit_FS
                0x0800bc34       0x60 ./USB_Device/App/usbd_cdc_if.o
                0x0800bc34                CDC_Transmit_FS
 .text.CDC_TransmitCplt_FS
                0x0800bc94       0x24 ./USB_Device/App/usbd_cdc_if.o
 .text.USBD_CDC_DeviceDescriptor
                0x0800bcb8       0x24 ./USB_Device/App/usbd_desc.o
                0x0800bcb8                USBD_CDC_DeviceDescriptor
 .text.USBD_CDC_LangIDStrDescriptor
                0x0800bcdc       0x24 ./USB_Device/App/usbd_desc.o
                0x0800bcdc                USBD_CDC_LangIDStrDescriptor
 .text.USBD_CDC_ProductStrDescriptor
                0x0800bd00       0x44 ./USB_Device/App/usbd_desc.o
                0x0800bd00                USBD_CDC_ProductStrDescriptor
 .text.USBD_CDC_ManufacturerStrDescriptor
                0x0800bd44       0x2c ./USB_Device/App/usbd_desc.o
                0x0800bd44                USBD_CDC_ManufacturerStrDescriptor
 .text.USBD_CDC_SerialStrDescriptor
                0x0800bd70       0x28 ./USB_Device/App/usbd_desc.o
                0x0800bd70                USBD_CDC_SerialStrDescriptor
 .text.USBD_CDC_ConfigStrDescriptor
                0x0800bd98       0x44 ./USB_Device/App/usbd_desc.o
                0x0800bd98                USBD_CDC_ConfigStrDescriptor
 .text.USBD_CDC_InterfaceStrDescriptor
                0x0800bddc       0x44 ./USB_Device/App/usbd_desc.o
                0x0800bddc                USBD_CDC_InterfaceStrDescriptor
 .text.Get_SerialNum
                0x0800be20       0x5c ./USB_Device/App/usbd_desc.o
 .text.IntToUnicode
                0x0800be7c       0x96 ./USB_Device/App/usbd_desc.o
 *fill*         0x0800bf12        0x2 
 .text.HAL_PCD_MspInit
                0x0800bf14       0xc0 ./USB_Device/Target/usbd_conf.o
                0x0800bf14                HAL_PCD_MspInit
 .text.HAL_PCD_SetupStageCallback
                0x0800bfd4       0x2a ./USB_Device/Target/usbd_conf.o
                0x0800bfd4                HAL_PCD_SetupStageCallback
 .text.HAL_PCD_DataOutStageCallback
                0x0800bffe       0x42 ./USB_Device/Target/usbd_conf.o
                0x0800bffe                HAL_PCD_DataOutStageCallback
 .text.HAL_PCD_DataInStageCallback
                0x0800c040       0x3c ./USB_Device/Target/usbd_conf.o
                0x0800c040                HAL_PCD_DataInStageCallback
 .text.HAL_PCD_SOFCallback
                0x0800c07c       0x1e ./USB_Device/Target/usbd_conf.o
                0x0800c07c                HAL_PCD_SOFCallback
 .text.HAL_PCD_ResetCallback
                0x0800c09a       0x48 ./USB_Device/Target/usbd_conf.o
                0x0800c09a                HAL_PCD_ResetCallback
 *fill*         0x0800c0e2        0x2 
 .text.HAL_PCD_SuspendCallback
                0x0800c0e4       0x38 ./USB_Device/Target/usbd_conf.o
                0x0800c0e4                HAL_PCD_SuspendCallback
 .text.HAL_PCD_ResumeCallback
                0x0800c11c       0x3c ./USB_Device/Target/usbd_conf.o
                0x0800c11c                HAL_PCD_ResumeCallback
 .text.USBD_LL_Init
                0x0800c158       0xe4 ./USB_Device/Target/usbd_conf.o
                0x0800c158                USBD_LL_Init
 .text.USBD_LL_Start
                0x0800c23c       0x4a ./USB_Device/Target/usbd_conf.o
                0x0800c23c                USBD_LL_Start
 .text.USBD_LL_OpenEP
                0x0800c286       0x6e ./USB_Device/Target/usbd_conf.o
                0x0800c286                USBD_LL_OpenEP
 .text.USBD_LL_CloseEP
                0x0800c2f4       0x56 ./USB_Device/Target/usbd_conf.o
                0x0800c2f4                USBD_LL_CloseEP
 .text.USBD_LL_StallEP
                0x0800c34a       0x56 ./USB_Device/Target/usbd_conf.o
                0x0800c34a                USBD_LL_StallEP
 .text.USBD_LL_ClearStallEP
                0x0800c3a0       0x56 ./USB_Device/Target/usbd_conf.o
                0x0800c3a0                USBD_LL_ClearStallEP
 .text.USBD_LL_IsStallEP
                0x0800c3f6       0x60 ./USB_Device/Target/usbd_conf.o
                0x0800c3f6                USBD_LL_IsStallEP
 .text.USBD_LL_SetUSBAddress
                0x0800c456       0x56 ./USB_Device/Target/usbd_conf.o
                0x0800c456                USBD_LL_SetUSBAddress
 .text.USBD_LL_Transmit
                0x0800c4ac       0x60 ./USB_Device/Target/usbd_conf.o
                0x0800c4ac                USBD_LL_Transmit
 .text.USBD_LL_PrepareReceive
                0x0800c50c       0x60 ./USB_Device/Target/usbd_conf.o
                0x0800c50c                USBD_LL_PrepareReceive
 .text.USBD_LL_GetRxDataSize
                0x0800c56c       0x2c ./USB_Device/Target/usbd_conf.o
                0x0800c56c                USBD_LL_GetRxDataSize
 .text.HAL_PCDEx_LPM_Callback
                0x0800c598       0x74 ./USB_Device/Target/usbd_conf.o
                0x0800c598                HAL_PCDEx_LPM_Callback
 .text.USBD_static_malloc
                0x0800c60c       0x18 ./USB_Device/Target/usbd_conf.o
                0x0800c60c                USBD_static_malloc
 .text.USBD_static_free
                0x0800c624       0x10 ./USB_Device/Target/usbd_conf.o
                0x0800c624                USBD_static_free
 .text.SystemClockConfig_Resume
                0x0800c634        0xe ./USB_Device/Target/usbd_conf.o
 .text.USBD_Get_USB_Status
                0x0800c642       0x6e ./USB_Device/Target/usbd_conf.o
 .text.std      0x0800c6b0       0x6c C:/ST/STM32CubeIDE_1.15.1/STM32CubeIDE/plugins/com.st.stm32cube.ide.mcu.externaltools.gnu-tools-for-stm32.12.3.rel1.win32_1.0.100.202403111256/tools/bin/../lib/gcc/arm-none-eabi/12.3.1/../../../../arm-none-eabi/lib/thumb/v6-m/nofp\libc_nano.a(libc_a-findfp.o)
 .text.stdio_exit_handler
                0x0800c71c       0x1c C:/ST/STM32CubeIDE_1.15.1/STM32CubeIDE/plugins/com.st.stm32cube.ide.mcu.externaltools.gnu-tools-for-stm32.12.3.rel1.win32_1.0.100.202403111256/tools/bin/../lib/gcc/arm-none-eabi/12.3.1/../../../../arm-none-eabi/lib/thumb/v6-m/nofp\libc_nano.a(libc_a-findfp.o)
 .text.cleanup_stdio
                0x0800c738       0x3c C:/ST/STM32CubeIDE_1.15.1/STM32CubeIDE/plugins/com.st.stm32cube.ide.mcu.externaltools.gnu-tools-for-stm32.12.3.rel1.win32_1.0.100.202403111256/tools/bin/../lib/gcc/arm-none-eabi/12.3.1/../../../../arm-none-eabi/lib/thumb/v6-m/nofp\libc_nano.a(libc_a-findfp.o)
 .text.global_stdio_init.part.0
                0x0800c774       0x3c C:/ST/STM32CubeIDE_1.15.1/STM32CubeIDE/plugins/com.st.stm32cube.ide.mcu.externaltools.gnu-tools-for-stm32.12.3.rel1.win32_1.0.100.202403111256/tools/bin/../lib/gcc/arm-none-eabi/12.3.1/../../../../arm-none-eabi/lib/thumb/v6-m/nofp\libc_nano.a(libc_a-findfp.o)
 .text.__sfp_lock_acquire
                0x0800c7b0       0x10 C:/ST/STM32CubeIDE_1.15.1/STM32CubeIDE/plugins/com.st.stm32cube.ide.mcu.externaltools.gnu-tools-for-stm32.12.3.rel1.win32_1.0.100.202403111256/tools/bin/../lib/gcc/arm-none-eabi/12.3.1/../../../../arm-none-eabi/lib/thumb/v6-m/nofp\libc_nano.a(libc_a-findfp.o)
                0x0800c7b0                __sfp_lock_acquire
 .text.__sfp_lock_release
                0x0800c7c0       0x10 C:/ST/STM32CubeIDE_1.15.1/STM32CubeIDE/plugins/com.st.stm32cube.ide.mcu.externaltools.gnu-tools-for-stm32.12.3.rel1.win32_1.0.100.202403111256/tools/bin/../lib/gcc/arm-none-eabi/12.3.1/../../../../arm-none-eabi/lib/thumb/v6-m/nofp\libc_nano.a(libc_a-findfp.o)
                0x0800c7c0                __sfp_lock_release
 .text.__sinit  0x0800c7d0       0x30 C:/ST/STM32CubeIDE_1.15.1/STM32CubeIDE/plugins/com.st.stm32cube.ide.mcu.externaltools.gnu-tools-for-stm32.12.3.rel1.win32_1.0.100.202403111256/tools/bin/../lib/gcc/arm-none-eabi/12.3.1/../../../../arm-none-eabi/lib/thumb/v6-m/nofp\libc_nano.a(libc_a-findfp.o)
                0x0800c7d0                __sinit
 .text._fwalk_sglue
                0x0800c800       0x38 C:/ST/STM32CubeIDE_1.15.1/STM32CubeIDE/plugins/com.st.stm32cube.ide.mcu.externaltools.gnu-tools-for-stm32.12.3.rel1.win32_1.0.100.202403111256/tools/bin/../lib/gcc/arm-none-eabi/12.3.1/../../../../arm-none-eabi/lib/thumb/v6-m/nofp\libc_nano.a(libc_a-fwalk.o)
                0x0800c800                _fwalk_sglue
 .text.printf   0x0800c838       0x20 C:/ST/STM32CubeIDE_1.15.1/STM32CubeIDE/plugins/com.st.stm32cube.ide.mcu.externaltools.gnu-tools-for-stm32.12.3.rel1.win32_1.0.100.202403111256/tools/bin/../lib/gcc/arm-none-eabi/12.3.1/../../../../arm-none-eabi/lib/thumb/v6-m/nofp\libc_nano.a(libc_a-printf.o)
                0x0800c838                iprintf
                0x0800c838                printf
 .text.putchar  0x0800c858       0x14 C:/ST/STM32CubeIDE_1.15.1/STM32CubeIDE/plugins/com.st.stm32cube.ide.mcu.externaltools.gnu-tools-for-stm32.12.3.rel1.win32_1.0.100.202403111256/tools/bin/../lib/gcc/arm-none-eabi/12.3.1/../../../../arm-none-eabi/lib/thumb/v6-m/nofp\libc_nano.a(libc_a-putchar.o)
                0x0800c858                putchar
 .text.__sread  0x0800c86c       0x28 C:/ST/STM32CubeIDE_1.15.1/STM32CubeIDE/plugins/com.st.stm32cube.ide.mcu.externaltools.gnu-tools-for-stm32.12.3.rel1.win32_1.0.100.202403111256/tools/bin/../lib/gcc/arm-none-eabi/12.3.1/../../../../arm-none-eabi/lib/thumb/v6-m/nofp\libc_nano.a(libc_a-stdio.o)
                0x0800c86c                __sread
 .text.__swrite
                0x0800c894       0x38 C:/ST/STM32CubeIDE_1.15.1/STM32CubeIDE/plugins/com.st.stm32cube.ide.mcu.externaltools.gnu-tools-for-stm32.12.3.rel1.win32_1.0.100.202403111256/tools/bin/../lib/gcc/arm-none-eabi/12.3.1/../../../../arm-none-eabi/lib/thumb/v6-m/nofp\libc_nano.a(libc_a-stdio.o)
                0x0800c894                __swrite
 .text.__sseek  0x0800c8cc       0x2c C:/ST/STM32CubeIDE_1.15.1/STM32CubeIDE/plugins/com.st.stm32cube.ide.mcu.externaltools.gnu-tools-for-stm32.12.3.rel1.win32_1.0.100.202403111256/tools/bin/../lib/gcc/arm-none-eabi/12.3.1/../../../../arm-none-eabi/lib/thumb/v6-m/nofp\libc_nano.a(libc_a-stdio.o)
                0x0800c8cc                __sseek
 .text.__sclose
                0x0800c8f8        0xc C:/ST/STM32CubeIDE_1.15.1/STM32CubeIDE/plugins/com.st.stm32cube.ide.mcu.externaltools.gnu-tools-for-stm32.12.3.rel1.win32_1.0.100.202403111256/tools/bin/../lib/gcc/arm-none-eabi/12.3.1/../../../../arm-none-eabi/lib/thumb/v6-m/nofp\libc_nano.a(libc_a-stdio.o)
                0x0800c8f8                __sclose
 .text.memset   0x0800c904       0x10 C:/ST/STM32CubeIDE_1.15.1/STM32CubeIDE/plugins/com.st.stm32cube.ide.mcu.externaltools.gnu-tools-for-stm32.12.3.rel1.win32_1.0.100.202403111256/tools/bin/../lib/gcc/arm-none-eabi/12.3.1/../../../../arm-none-eabi/lib/thumb/v6-m/nofp\libc_nano.a(libc_a-memset.o)
                0x0800c904                memset
 .text._close_r
                0x0800c914       0x24 C:/ST/STM32CubeIDE_1.15.1/STM32CubeIDE/plugins/com.st.stm32cube.ide.mcu.externaltools.gnu-tools-for-stm32.12.3.rel1.win32_1.0.100.202403111256/tools/bin/../lib/gcc/arm-none-eabi/12.3.1/../../../../arm-none-eabi/lib/thumb/v6-m/nofp\libc_nano.a(libc_a-closer.o)
                0x0800c914                _close_r
 .text._lseek_r
                0x0800c938       0x28 C:/ST/STM32CubeIDE_1.15.1/STM32CubeIDE/plugins/com.st.stm32cube.ide.mcu.externaltools.gnu-tools-for-stm32.12.3.rel1.win32_1.0.100.202403111256/tools/bin/../lib/gcc/arm-none-eabi/12.3.1/../../../../arm-none-eabi/lib/thumb/v6-m/nofp\libc_nano.a(libc_a-lseekr.o)
                0x0800c938                _lseek_r
 .text._read_r  0x0800c960       0x28 C:/ST/STM32CubeIDE_1.15.1/STM32CubeIDE/plugins/com.st.stm32cube.ide.mcu.externaltools.gnu-tools-for-stm32.12.3.rel1.win32_1.0.100.202403111256/tools/bin/../lib/gcc/arm-none-eabi/12.3.1/../../../../arm-none-eabi/lib/thumb/v6-m/nofp\libc_nano.a(libc_a-readr.o)
                0x0800c960                _read_r
 .text._write_r
                0x0800c988       0x28 C:/ST/STM32CubeIDE_1.15.1/STM32CubeIDE/plugins/com.st.stm32cube.ide.mcu.externaltools.gnu-tools-for-stm32.12.3.rel1.win32_1.0.100.202403111256/tools/bin/../lib/gcc/arm-none-eabi/12.3.1/../../../../arm-none-eabi/lib/thumb/v6-m/nofp\libc_nano.a(libc_a-writer.o)
                0x0800c988                _write_r
 .text.__errno  0x0800c9b0        0xc C:/ST/STM32CubeIDE_1.15.1/STM32CubeIDE/plugins/com.st.stm32cube.ide.mcu.externaltools.gnu-tools-for-stm32.12.3.rel1.win32_1.0.100.202403111256/tools/bin/../lib/gcc/arm-none-eabi/12.3.1/../../../../arm-none-eabi/lib/thumb/v6-m/nofp\libc_nano.a(libc_a-errno.o)
                0x0800c9b0                __errno
 .text.__libc_init_array
                0x0800c9bc       0x48 C:/ST/STM32CubeIDE_1.15.1/STM32CubeIDE/plugins/com.st.stm32cube.ide.mcu.externaltools.gnu-tools-for-stm32.12.3.rel1.win32_1.0.100.202403111256/tools/bin/../lib/gcc/arm-none-eabi/12.3.1/../../../../arm-none-eabi/lib/thumb/v6-m/nofp\libc_nano.a(libc_a-init.o)
                0x0800c9bc                __libc_init_array
 .text.__retarget_lock_init_recursive
                0x0800ca04        0x2 C:/ST/STM32CubeIDE_1.15.1/STM32CubeIDE/plugins/com.st.stm32cube.ide.mcu.externaltools.gnu-tools-for-stm32.12.3.rel1.win32_1.0.100.202403111256/tools/bin/../lib/gcc/arm-none-eabi/12.3.1/../../../../arm-none-eabi/lib/thumb/v6-m/nofp\libc_nano.a(libc_a-lock.o)
                0x0800ca04                __retarget_lock_init_recursive
 .text.__retarget_lock_acquire_recursive
                0x0800ca06        0x2 C:/ST/STM32CubeIDE_1.15.1/STM32CubeIDE/plugins/com.st.stm32cube.ide.mcu.externaltools.gnu-tools-for-stm32.12.3.rel1.win32_1.0.100.202403111256/tools/bin/../lib/gcc/arm-none-eabi/12.3.1/../../../../arm-none-eabi/lib/thumb/v6-m/nofp\libc_nano.a(libc_a-lock.o)
                0x0800ca06                __retarget_lock_acquire_recursive
 .text.__retarget_lock_release_recursive
                0x0800ca08        0x2 C:/ST/STM32CubeIDE_1.15.1/STM32CubeIDE/plugins/com.st.stm32cube.ide.mcu.externaltools.gnu-tools-for-stm32.12.3.rel1.win32_1.0.100.202403111256/tools/bin/../lib/gcc/arm-none-eabi/12.3.1/../../../../arm-none-eabi/lib/thumb/v6-m/nofp\libc_nano.a(libc_a-lock.o)
                0x0800ca08                __retarget_lock_release_recursive
 *fill*         0x0800ca0a        0x2 
 .text._free_r  0x0800ca0c       0x94 C:/ST/STM32CubeIDE_1.15.1/STM32CubeIDE/plugins/com.st.stm32cube.ide.mcu.externaltools.gnu-tools-for-stm32.12.3.rel1.win32_1.0.100.202403111256/tools/bin/../lib/gcc/arm-none-eabi/12.3.1/../../../../arm-none-eabi/lib/thumb/v6-m/nofp\libc_nano.a(libc_a-freer.o)
                0x0800ca0c                _free_r
 .text.sbrk_aligned
                0x0800caa0       0x44 C:/ST/STM32CubeIDE_1.15.1/STM32CubeIDE/plugins/com.st.stm32cube.ide.mcu.externaltools.gnu-tools-for-stm32.12.3.rel1.win32_1.0.100.202403111256/tools/bin/../lib/gcc/arm-none-eabi/12.3.1/../../../../arm-none-eabi/lib/thumb/v6-m/nofp\libc_nano.a(libc_a-mallocr.o)
 .text._malloc_r
                0x0800cae4      0x100 C:/ST/STM32CubeIDE_1.15.1/STM32CubeIDE/plugins/com.st.stm32cube.ide.mcu.externaltools.gnu-tools-for-stm32.12.3.rel1.win32_1.0.100.202403111256/tools/bin/../lib/gcc/arm-none-eabi/12.3.1/../../../../arm-none-eabi/lib/thumb/v6-m/nofp\libc_nano.a(libc_a-mallocr.o)
                0x0800cae4                _malloc_r
 .text.__malloc_lock
                0x0800cbe4       0x10 C:/ST/STM32CubeIDE_1.15.1/STM32CubeIDE/plugins/com.st.stm32cube.ide.mcu.externaltools.gnu-tools-for-stm32.12.3.rel1.win32_1.0.100.202403111256/tools/bin/../lib/gcc/arm-none-eabi/12.3.1/../../../../arm-none-eabi/lib/thumb/v6-m/nofp\libc_nano.a(libc_a-mlock.o)
                0x0800cbe4                __malloc_lock
 .text.__malloc_unlock
                0x0800cbf4       0x10 C:/ST/STM32CubeIDE_1.15.1/STM32CubeIDE/plugins/com.st.stm32cube.ide.mcu.externaltools.gnu-tools-for-stm32.12.3.rel1.win32_1.0.100.202403111256/tools/bin/../lib/gcc/arm-none-eabi/12.3.1/../../../../arm-none-eabi/lib/thumb/v6-m/nofp\libc_nano.a(libc_a-mlock.o)
                0x0800cbf4                __malloc_unlock
 .text.__sfputc_r
                0x0800cc04       0x2a C:/ST/STM32CubeIDE_1.15.1/STM32CubeIDE/plugins/com.st.stm32cube.ide.mcu.externaltools.gnu-tools-for-stm32.12.3.rel1.win32_1.0.100.202403111256/tools/bin/../lib/gcc/arm-none-eabi/12.3.1/../../../../arm-none-eabi/lib/thumb/v6-m/nofp\libc_nano.a(libc_a-nano-vfprintf.o)
 .text.__sfputs_r
                0x0800cc2e       0x24 C:/ST/STM32CubeIDE_1.15.1/STM32CubeIDE/plugins/com.st.stm32cube.ide.mcu.externaltools.gnu-tools-for-stm32.12.3.rel1.win32_1.0.100.202403111256/tools/bin/../lib/gcc/arm-none-eabi/12.3.1/../../../../arm-none-eabi/lib/thumb/v6-m/nofp\libc_nano.a(libc_a-nano-vfprintf.o)
                0x0800cc2e                __sfputs_r
 *fill*         0x0800cc52        0x2 
 .text._vfprintf_r
                0x0800cc54      0x238 C:/ST/STM32CubeIDE_1.15.1/STM32CubeIDE/plugins/com.st.stm32cube.ide.mcu.externaltools.gnu-tools-for-stm32.12.3.rel1.win32_1.0.100.202403111256/tools/bin/../lib/gcc/arm-none-eabi/12.3.1/../../../../arm-none-eabi/lib/thumb/v6-m/nofp\libc_nano.a(libc_a-nano-vfprintf.o)
                0x0800cc54                _vfprintf_r
                0x0800cc54                _vfiprintf_r
 .text._printf_common
                0x0800ce8c       0xde C:/ST/STM32CubeIDE_1.15.1/STM32CubeIDE/plugins/com.st.stm32cube.ide.mcu.externaltools.gnu-tools-for-stm32.12.3.rel1.win32_1.0.100.202403111256/tools/bin/../lib/gcc/arm-none-eabi/12.3.1/../../../../arm-none-eabi/lib/thumb/v6-m/nofp\libc_nano.a(libc_a-nano-vfprintf_i.o)
                0x0800ce8c                _printf_common
 *fill*         0x0800cf6a        0x2 
 .text._printf_i
                0x0800cf6c      0x21c C:/ST/STM32CubeIDE_1.15.1/STM32CubeIDE/plugins/com.st.stm32cube.ide.mcu.externaltools.gnu-tools-for-stm32.12.3.rel1.win32_1.0.100.202403111256/tools/bin/../lib/gcc/arm-none-eabi/12.3.1/../../../../arm-none-eabi/lib/thumb/v6-m/nofp\libc_nano.a(libc_a-nano-vfprintf_i.o)
                0x0800cf6c                _printf_i
 .text.__sflush_r
                0x0800d188      0x10c C:/ST/STM32CubeIDE_1.15.1/STM32CubeIDE/plugins/com.st.stm32cube.ide.mcu.externaltools.gnu-tools-for-stm32.12.3.rel1.win32_1.0.100.202403111256/tools/bin/../lib/gcc/arm-none-eabi/12.3.1/../../../../arm-none-eabi/lib/thumb/v6-m/nofp\libc_nano.a(libc_a-fflush.o)
                0x0800d188                __sflush_r
 .text._fflush_r
                0x0800d294       0x56 C:/ST/STM32CubeIDE_1.15.1/STM32CubeIDE/plugins/com.st.stm32cube.ide.mcu.externaltools.gnu-tools-for-stm32.12.3.rel1.win32_1.0.100.202403111256/tools/bin/../lib/gcc/arm-none-eabi/12.3.1/../../../../arm-none-eabi/lib/thumb/v6-m/nofp\libc_nano.a(libc_a-fflush.o)
                0x0800d294                _fflush_r
 .text._putc_r  0x0800d2ea       0x6c C:/ST/STM32CubeIDE_1.15.1/STM32CubeIDE/plugins/com.st.stm32cube.ide.mcu.externaltools.gnu-tools-for-stm32.12.3.rel1.win32_1.0.100.202403111256/tools/bin/../lib/gcc/arm-none-eabi/12.3.1/../../../../arm-none-eabi/lib/thumb/v6-m/nofp\libc_nano.a(libc_a-putc.o)
                0x0800d2ea                _putc_r
 .text.__swbuf_r
                0x0800d356       0x84 C:/ST/STM32CubeIDE_1.15.1/STM32CubeIDE/plugins/com.st.stm32cube.ide.mcu.externaltools.gnu-tools-for-stm32.12.3.rel1.win32_1.0.100.202403111256/tools/bin/../lib/gcc/arm-none-eabi/12.3.1/../../../../arm-none-eabi/lib/thumb/v6-m/nofp\libc_nano.a(libc_a-wbuf.o)
                0x0800d356                __swbuf_r
 *fill*         0x0800d3da        0x2 
 .text.__swsetup_r
                0x0800d3dc       0xbc C:/ST/STM32CubeIDE_1.15.1/STM32CubeIDE/plugins/com.st.stm32cube.ide.mcu.externaltools.gnu-tools-for-stm32.12.3.rel1.win32_1.0.100.202403111256/tools/bin/../lib/gcc/arm-none-eabi/12.3.1/../../../../arm-none-eabi/lib/thumb/v6-m/nofp\libc_nano.a(libc_a-wsetup.o)
                0x0800d3dc                __swsetup_r
 .text._sbrk_r  0x0800d498       0x24 C:/ST/STM32CubeIDE_1.15.1/STM32CubeIDE/plugins/com.st.stm32cube.ide.mcu.externaltools.gnu-tools-for-stm32.12.3.rel1.win32_1.0.100.202403111256/tools/bin/../lib/gcc/arm-none-eabi/12.3.1/../../../../arm-none-eabi/lib/thumb/v6-m/nofp\libc_nano.a(libc_a-sbrkr.o)
                0x0800d498                _sbrk_r
 .text.memchr   0x0800d4bc       0x16 C:/ST/STM32CubeIDE_1.15.1/STM32CubeIDE/plugins/com.st.stm32cube.ide.mcu.externaltools.gnu-tools-for-stm32.12.3.rel1.win32_1.0.100.202403111256/tools/bin/../lib/gcc/arm-none-eabi/12.3.1/../../../../arm-none-eabi/lib/thumb/v6-m/nofp\libc_nano.a(libc_a-memchr-stub.o)
                0x0800d4bc                memchr
 *fill*         0x0800d4d2        0x2 
 .text.__swhatbuf_r
                0x0800d4d4       0x54 C:/ST/STM32CubeIDE_1.15.1/STM32CubeIDE/plugins/com.st.stm32cube.ide.mcu.externaltools.gnu-tools-for-stm32.12.3.rel1.win32_1.0.100.202403111256/tools/bin/../lib/gcc/arm-none-eabi/12.3.1/../../../../arm-none-eabi/lib/thumb/v6-m/nofp\libc_nano.a(libc_a-makebuf.o)
                0x0800d4d4                __swhatbuf_r
 .text.__smakebuf_r
                0x0800d528       0x82 C:/ST/STM32CubeIDE_1.15.1/STM32CubeIDE/plugins/com.st.stm32cube.ide.mcu.externaltools.gnu-tools-for-stm32.12.3.rel1.win32_1.0.100.202403111256/tools/bin/../lib/gcc/arm-none-eabi/12.3.1/../../../../arm-none-eabi/lib/thumb/v6-m/nofp\libc_nano.a(libc_a-makebuf.o)
                0x0800d528                __smakebuf_r
 *fill*         0x0800d5aa        0x2 
 .text._fstat_r
                0x0800d5ac       0x24 C:/ST/STM32CubeIDE_1.15.1/STM32CubeIDE/plugins/com.st.stm32cube.ide.mcu.externaltools.gnu-tools-for-stm32.12.3.rel1.win32_1.0.100.202403111256/tools/bin/../lib/gcc/arm-none-eabi/12.3.1/../../../../arm-none-eabi/lib/thumb/v6-m/nofp\libc_nano.a(libc_a-fstatr.o)
                0x0800d5ac                _fstat_r
 .text._isatty_r
                0x0800d5d0       0x24 C:/ST/STM32CubeIDE_1.15.1/STM32CubeIDE/plugins/com.st.stm32cube.ide.mcu.externaltools.gnu-tools-for-stm32.12.3.rel1.win32_1.0.100.202403111256/tools/bin/../lib/gcc/arm-none-eabi/12.3.1/../../../../arm-none-eabi/lib/thumb/v6-m/nofp\libc_nano.a(libc_a-isattyr.o)
                0x0800d5d0                _isatty_r
 *(.glue_7)
 .glue_7        0x0800d5f4        0x0 linker stubs
 *(.glue_7t)
 .glue_7t       0x0800d5f4        0x0 linker stubs
 *(.eh_frame)
 .eh_frame      0x0800d5f4        0x0 C:/ST/STM32CubeIDE_1.15.1/STM32CubeIDE/plugins/com.st.stm32cube.ide.mcu.externaltools.gnu-tools-for-stm32.12.3.rel1.win32_1.0.100.202403111256/tools/bin/../lib/gcc/arm-none-eabi/12.3.1/thumb/v6-m/nofp/crtbegin.o
 *(.init)
 .init          0x0800d5f4        0x4 C:/ST/STM32CubeIDE_1.15.1/STM32CubeIDE/plugins/com.st.stm32cube.ide.mcu.externaltools.gnu-tools-for-stm32.12.3.rel1.win32_1.0.100.202403111256/tools/bin/../lib/gcc/arm-none-eabi/12.3.1/thumb/v6-m/nofp/crti.o
                0x0800d5f4                _init
 .init          0x0800d5f8        0x8 C:/ST/STM32CubeIDE_1.15.1/STM32CubeIDE/plugins/com.st.stm32cube.ide.mcu.externaltools.gnu-tools-for-stm32.12.3.rel1.win32_1.0.100.202403111256/tools/bin/../lib/gcc/arm-none-eabi/12.3.1/thumb/v6-m/nofp/crtn.o
 *(.fini)
 .fini          0x0800d600        0x4 C:/ST/STM32CubeIDE_1.15.1/STM32CubeIDE/plugins/com.st.stm32cube.ide.mcu.externaltools.gnu-tools-for-stm32.12.3.rel1.win32_1.0.100.202403111256/tools/bin/../lib/gcc/arm-none-eabi/12.3.1/thumb/v6-m/nofp/crti.o
                0x0800d600                _fini
 .fini          0x0800d604        0x8 C:/ST/STM32CubeIDE_1.15.1/STM32CubeIDE/plugins/com.st.stm32cube.ide.mcu.externaltools.gnu-tools-for-stm32.12.3.rel1.win32_1.0.100.202403111256/tools/bin/../lib/gcc/arm-none-eabi/12.3.1/thumb/v6-m/nofp/crtn.o
                0x0800d60c                        . = ALIGN (0x4)
                0x0800d60c                        _etext = .

.vfp11_veneer   0x0800d60c        0x0
 .vfp11_veneer  0x0800d60c        0x0 linker stubs

.v4_bx          0x0800d60c        0x0
 .v4_bx         0x0800d60c        0x0 linker stubs

.iplt           0x0800d60c        0x0
 .iplt          0x0800d60c        0x0 C:/ST/STM32CubeIDE_1.15.1/STM32CubeIDE/plugins/com.st.stm32cube.ide.mcu.externaltools.gnu-tools-for-stm32.12.3.rel1.win32_1.0.100.202403111256/tools/bin/../lib/gcc/arm-none-eabi/12.3.1/thumb/v6-m/nofp/crtbegin.o

.rodata         0x0800d60c      0x2b0
                0x0800d60c                        . = ALIGN (0x4)
 *(.rodata)
 .rodata        0x0800d60c       0x10 ./Core/Src/main.o
 .rodata        0x0800d61c       0x35 ./Middlewares/ST/STM32_USB_Device_Library/Core/Src/usbd_core.o
 *fill*         0x0800d651        0x3 
 .rodata        0x0800d654       0x46 ./USB_Device/App/usbd_desc.o
 *(.rodata*)
 *fill*         0x0800d69a        0x2 
 .rodata.AHBPrescTable
                0x0800d69c       0x40 ./Core/Src/system_stm32g0xx.o
                0x0800d69c                AHBPrescTable
 .rodata.APBPrescTable
                0x0800d6dc       0x20 ./Core/Src/system_stm32g0xx.o
                0x0800d6dc                APBPrescTable
 .rodata.HAL_TIM_PWM_ConfigChannel
                0x0800d6fc       0x54 ./Drivers/STM32G0xx_HAL_Driver/Src/stm32g0xx_hal_tim.o
 .rodata.UARTPrescTable
                0x0800d750       0x18 ./Drivers/STM32G0xx_HAL_Driver/Src/stm32g0xx_hal_uart.o
                0x0800d750                UARTPrescTable
 .rodata.numerator.1
                0x0800d768        0x8 ./Drivers/STM32G0xx_HAL_Driver/Src/stm32g0xx_hal_uart_ex.o
 .rodata.denominator.0
                0x0800d770        0x8 ./Drivers/STM32G0xx_HAL_Driver/Src/stm32g0xx_hal_uart_ex.o
 .rodata.USBD_StdDevReq
                0x0800d778       0x28 ./Middlewares/ST/STM32_USB_Device_Library/Core/Src/usbd_ctlreq.o
 .rodata.USBD_GetDescriptor
                0x0800d7a0       0x58 ./Middlewares/ST/STM32_USB_Device_Library/Core/Src/usbd_ctlreq.o
 .rodata.CDC_Control_FS
                0x0800d7f8       0x90 ./USB_Device/App/usbd_cdc_if.o
 .rodata._vfprintf_r.str1.1
                0x0800d888       0x11 C:/ST/STM32CubeIDE_1.15.1/STM32CubeIDE/plugins/com.st.stm32cube.ide.mcu.externaltools.gnu-tools-for-stm32.12.3.rel1.win32_1.0.100.202403111256/tools/bin/../lib/gcc/arm-none-eabi/12.3.1/../../../../arm-none-eabi/lib/thumb/v6-m/nofp\libc_nano.a(libc_a-nano-vfprintf.o)
 .rodata._printf_i.str1.1
                0x0800d899       0x22 C:/ST/STM32CubeIDE_1.15.1/STM32CubeIDE/plugins/com.st.stm32cube.ide.mcu.externaltools.gnu-tools-for-stm32.12.3.rel1.win32_1.0.100.202403111256/tools/bin/../lib/gcc/arm-none-eabi/12.3.1/../../../../arm-none-eabi/lib/thumb/v6-m/nofp\libc_nano.a(libc_a-nano-vfprintf_i.o)
                0x0800d8bc                        . = ALIGN (0x4)
 *fill*         0x0800d8bb        0x1 

.ARM.extab      0x0800d8bc        0x0
                0x0800d8bc                        . = ALIGN (0x4)
 *(.ARM.extab* .gnu.linkonce.armextab.*)
                0x0800d8bc                        . = ALIGN (0x4)

.ARM            0x0800d8bc        0x8
                0x0800d8bc                        . = ALIGN (0x4)
                0x0800d8bc                        __exidx_start = .
 *(.ARM.exidx*)
 .ARM.exidx     0x0800d8bc        0x8 C:/ST/STM32CubeIDE_1.15.1/STM32CubeIDE/plugins/com.st.stm32cube.ide.mcu.externaltools.gnu-tools-for-stm32.12.3.rel1.win32_1.0.100.202403111256/tools/bin/../lib/gcc/arm-none-eabi/12.3.1/thumb/v6-m/nofp\libgcc.a(_udivmoddi4.o)
                0x0800d8c4                        __exidx_end = .
                0x0800d8c4                        . = ALIGN (0x4)

.preinit_array  0x0800d8c4        0x0
                0x0800d8c4                        . = ALIGN (0x4)
                0x0800d8c4                        PROVIDE (__preinit_array_start = .)
 *(.preinit_array*)
                0x0800d8c4                        PROVIDE (__preinit_array_end = .)
                0x0800d8c4                        . = ALIGN (0x4)

.init_array     0x0800d8c4        0x4
                0x0800d8c4                        . = ALIGN (0x4)
                0x0800d8c4                        PROVIDE (__init_array_start = .)
 *(SORT_BY_NAME(.init_array.*))
 *(.init_array*)
 .init_array    0x0800d8c4        0x4 C:/ST/STM32CubeIDE_1.15.1/STM32CubeIDE/plugins/com.st.stm32cube.ide.mcu.externaltools.gnu-tools-for-stm32.12.3.rel1.win32_1.0.100.202403111256/tools/bin/../lib/gcc/arm-none-eabi/12.3.1/thumb/v6-m/nofp/crtbegin.o
                0x0800d8c8                        PROVIDE (__init_array_end = .)
                0x0800d8c8                        . = ALIGN (0x4)

.fini_array     0x0800d8c8        0x4
                0x0800d8c8                        . = ALIGN (0x4)
                [!provide]                        PROVIDE (__fini_array_start = .)
 *(SORT_BY_NAME(.fini_array.*))
 *(.fini_array*)
 .fini_array    0x0800d8c8        0x4 C:/ST/STM32CubeIDE_1.15.1/STM32CubeIDE/plugins/com.st.stm32cube.ide.mcu.externaltools.gnu-tools-for-stm32.12.3.rel1.win32_1.0.100.202403111256/tools/bin/../lib/gcc/arm-none-eabi/12.3.1/thumb/v6-m/nofp/crtbegin.o
                [!provide]                        PROVIDE (__fini_array_end = .)
                0x0800d8cc                        . = ALIGN (0x4)
                0x0800d8cc                        _sidata = LOADADDR (.data)

.rel.dyn        0x0800d8cc        0x0
 .rel.iplt      0x0800d8cc        0x0 C:/ST/STM32CubeIDE_1.15.1/STM32CubeIDE/plugins/com.st.stm32cube.ide.mcu.externaltools.gnu-tools-for-stm32.12.3.rel1.win32_1.0.100.202403111256/tools/bin/../lib/gcc/arm-none-eabi/12.3.1/thumb/v6-m/nofp/crtbegin.o

.data           0x20000000      0x164 load address 0x0800d8cc
                0x20000000                        . = ALIGN (0x4)
                0x20000000                        _sdata = .
 *(.data)
 *(.data*)
 .data.LED_duty
                0x20000000        0x4 ./Core/Src/main.o
                0x20000000                LED_duty
 .data.LED_direction
                0x20000004        0x4 ./Core/Src/main.o
                0x20000004                LED_direction
 .data.SystemCoreClock
                0x20000008        0x4 ./Core/Src/system_stm32g0xx.o
                0x20000008                SystemCoreClock
 .data.uwTickPrio
                0x2000000c        0x4 ./Drivers/STM32G0xx_HAL_Driver/Src/stm32g0xx_hal.o
                0x2000000c                uwTickPrio
 .data.uwTickFreq
                0x20000010        0x1 ./Drivers/STM32G0xx_HAL_Driver/Src/stm32g0xx_hal.o
                0x20000010                uwTickFreq
 *fill*         0x20000011        0x3 
 .data.USBD_CDC_DeviceQualifierDesc
                0x20000014        0xa ./Middlewares/ST/STM32_USB_Device_Library/Class/CDC/Src/usbd_cdc.o
 *fill*         0x2000001e        0x2 
 .data.USBD_CDC
                0x20000020       0x38 ./Middlewares/ST/STM32_USB_Device_Library/Class/CDC/Src/usbd_cdc.o
                0x20000020                USBD_CDC
 .data.USBD_CDC_CfgDesc
                0x20000058       0x43 ./Middlewares/ST/STM32_USB_Device_Library/Class/CDC/Src/usbd_cdc.o
 .data.CDCInEpAdd
                0x2000009b        0x1 ./Middlewares/ST/STM32_USB_Device_Library/Class/CDC/Src/usbd_cdc.o
 .data.CDCOutEpAdd
                0x2000009c        0x1 ./Middlewares/ST/STM32_USB_Device_Library/Class/CDC/Src/usbd_cdc.o
 .data.CDCCmdEpAdd
                0x2000009d        0x1 ./Middlewares/ST/STM32_USB_Device_Library/Class/CDC/Src/usbd_cdc.o
 *fill*         0x2000009e        0x2 
 .data.USBD_Interface_fops_FS
                0x200000a0       0x14 ./USB_Device/App/usbd_cdc_if.o
                0x200000a0                USBD_Interface_fops_FS
 .data.CDC_Desc
                0x200000b4       0x20 ./USB_Device/App/usbd_desc.o
                0x200000b4                CDC_Desc
 .data.USBD_CDC_DeviceDesc
                0x200000d4       0x12 ./USB_Device/App/usbd_desc.o
                0x200000d4                USBD_CDC_DeviceDesc
 *fill*         0x200000e6        0x2 
 .data.USBD_LangIDDesc
                0x200000e8        0x4 ./USB_Device/App/usbd_desc.o
                0x200000e8                USBD_LangIDDesc
 .data.USBD_StringSerial
                0x200000ec       0x1a ./USB_Device/App/usbd_desc.o
                0x200000ec                USBD_StringSerial
 *fill*         0x20000106        0x2 
 .data.__sglue  0x20000108        0xc C:/ST/STM32CubeIDE_1.15.1/STM32CubeIDE/plugins/com.st.stm32cube.ide.mcu.externaltools.gnu-tools-for-stm32.12.3.rel1.win32_1.0.100.202403111256/tools/bin/../lib/gcc/arm-none-eabi/12.3.1/../../../../arm-none-eabi/lib/thumb/v6-m/nofp\libc_nano.a(libc_a-findfp.o)
                0x20000108                __sglue
 .data._impure_ptr
                0x20000114        0x4 C:/ST/STM32CubeIDE_1.15.1/STM32CubeIDE/plugins/com.st.stm32cube.ide.mcu.externaltools.gnu-tools-for-stm32.12.3.rel1.win32_1.0.100.202403111256/tools/bin/../lib/gcc/arm-none-eabi/12.3.1/../../../../arm-none-eabi/lib/thumb/v6-m/nofp\libc_nano.a(libc_a-impure.o)
                0x20000114                _impure_ptr
 .data._impure_data
                0x20000118       0x4c C:/ST/STM32CubeIDE_1.15.1/STM32CubeIDE/plugins/com.st.stm32cube.ide.mcu.externaltools.gnu-tools-for-stm32.12.3.rel1.win32_1.0.100.202403111256/tools/bin/../lib/gcc/arm-none-eabi/12.3.1/../../../../arm-none-eabi/lib/thumb/v6-m/nofp\libc_nano.a(libc_a-impure.o)
                0x20000118                _impure_data
 *(.RamFunc)
 *(.RamFunc*)
                0x20000164                        . = ALIGN (0x4)
                0x20000164                        _edata = .

.igot.plt       0x20000164        0x0 load address 0x0800da30
 .igot.plt      0x20000164        0x0 C:/ST/STM32CubeIDE_1.15.1/STM32CubeIDE/plugins/com.st.stm32cube.ide.mcu.externaltools.gnu-tools-for-stm32.12.3.rel1.win32_1.0.100.202403111256/tools/bin/../lib/gcc/arm-none-eabi/12.3.1/thumb/v6-m/nofp/crtbegin.o
                0x20000164                        . = ALIGN (0x4)

.bss            0x20000164     0x1e9c load address 0x0800da30
                0x20000164                        _sbss = .
                0x20000164                        __bss_start__ = _sbss
 *(.bss)
 .bss           0x20000164       0x1c C:/ST/STM32CubeIDE_1.15.1/STM32CubeIDE/plugins/com.st.stm32cube.ide.mcu.externaltools.gnu-tools-for-stm32.12.3.rel1.win32_1.0.100.202403111256/tools/bin/../lib/gcc/arm-none-eabi/12.3.1/thumb/v6-m/nofp/crtbegin.o
 *(.bss*)
 .bss.hfdcan1   0x20000180       0x64 ./Core/Src/main.o
                0x20000180                hfdcan1
 .bss.hi2c2     0x200001e4       0x54 ./Core/Src/main.o
                0x200001e4                hi2c2
 .bss.hiwdg     0x20000238       0x10 ./Core/Src/main.o
                0x20000238                hiwdg
 .bss.hspi2     0x20000248       0x64 ./Core/Src/main.o
                0x20000248                hspi2
 .bss.htim2     0x200002ac       0x4c ./Core/Src/main.o
                0x200002ac                htim2
 .bss.htim4     0x200002f8       0x4c ./Core/Src/main.o
                0x200002f8                htim4
 .bss.huart2    0x20000344       0x94 ./Core/Src/main.o
                0x20000344                huart2
 .bss.huart4    0x200003d8       0x94 ./Core/Src/main.o
                0x200003d8                huart4
 .bss.hdma_usart2_tx
                0x2000046c       0x60 ./Core/Src/main.o
                0x2000046c                hdma_usart2_tx
 .bss.__sbrk_heap_end
                0x200004cc        0x4 ./Core/Src/sysmem.o
 .bss.uwTick    0x200004d0        0x4 ./Drivers/STM32G0xx_HAL_Driver/Src/stm32g0xx_hal.o
                0x200004d0                uwTick
 .bss.cfgidx.0  0x200004d4        0x1 ./Middlewares/ST/STM32_USB_Device_Library/Core/Src/usbd_ctlreq.o
 *fill*         0x200004d5        0x3 
 .bss.hUsbDeviceFS
                0x200004d8      0x2dc ./USB_Device/App/usb_device.o
                0x200004d8                hUsbDeviceFS
 .bss.UserRxBufferFS
                0x200007b4      0x800 ./USB_Device/App/usbd_cdc_if.o
                0x200007b4                UserRxBufferFS
 .bss.UserTxBufferFS
                0x20000fb4      0x800 ./USB_Device/App/usbd_cdc_if.o
                0x20000fb4                UserTxBufferFS
 .bss.USBD_StrDesc
                0x200017b4      0x200 ./USB_Device/App/usbd_desc.o
                0x200017b4                USBD_StrDesc
 .bss.hpcd_USB_DRD_FS
                0x200019b4      0x2e0 ./USB_Device/Target/usbd_conf.o
                0x200019b4                hpcd_USB_DRD_FS
 .bss.mem.0     0x20001c94      0x220 ./USB_Device/Target/usbd_conf.o
 .bss.__sf      0x20001eb4      0x138 C:/ST/STM32CubeIDE_1.15.1/STM32CubeIDE/plugins/com.st.stm32cube.ide.mcu.externaltools.gnu-tools-for-stm32.12.3.rel1.win32_1.0.100.202403111256/tools/bin/../lib/gcc/arm-none-eabi/12.3.1/../../../../arm-none-eabi/lib/thumb/v6-m/nofp\libc_nano.a(libc_a-findfp.o)
                0x20001eb4                __sf
 .bss.__stdio_exit_handler
                0x20001fec        0x4 C:/ST/STM32CubeIDE_1.15.1/STM32CubeIDE/plugins/com.st.stm32cube.ide.mcu.externaltools.gnu-tools-for-stm32.12.3.rel1.win32_1.0.100.202403111256/tools/bin/../lib/gcc/arm-none-eabi/12.3.1/../../../../arm-none-eabi/lib/thumb/v6-m/nofp\libc_nano.a(libc_a-findfp.o)
                0x20001fec                __stdio_exit_handler
 .bss.errno     0x20001ff0        0x4 C:/ST/STM32CubeIDE_1.15.1/STM32CubeIDE/plugins/com.st.stm32cube.ide.mcu.externaltools.gnu-tools-for-stm32.12.3.rel1.win32_1.0.100.202403111256/tools/bin/../lib/gcc/arm-none-eabi/12.3.1/../../../../arm-none-eabi/lib/thumb/v6-m/nofp\libc_nano.a(libc_a-reent.o)
                0x20001ff0                errno
 .bss.__lock___malloc_recursive_mutex
                0x20001ff4        0x1 C:/ST/STM32CubeIDE_1.15.1/STM32CubeIDE/plugins/com.st.stm32cube.ide.mcu.externaltools.gnu-tools-for-stm32.12.3.rel1.win32_1.0.100.202403111256/tools/bin/../lib/gcc/arm-none-eabi/12.3.1/../../../../arm-none-eabi/lib/thumb/v6-m/nofp\libc_nano.a(libc_a-lock.o)
                0x20001ff4                __lock___malloc_recursive_mutex
 .bss.__lock___sfp_recursive_mutex
                0x20001ff5        0x1 C:/ST/STM32CubeIDE_1.15.1/STM32CubeIDE/plugins/com.st.stm32cube.ide.mcu.externaltools.gnu-tools-for-stm32.12.3.rel1.win32_1.0.100.202403111256/tools/bin/../lib/gcc/arm-none-eabi/12.3.1/../../../../arm-none-eabi/lib/thumb/v6-m/nofp\libc_nano.a(libc_a-lock.o)
                0x20001ff5                __lock___sfp_recursive_mutex
 *fill*         0x20001ff6        0x2 
 .bss.__malloc_sbrk_start
                0x20001ff8        0x4 C:/ST/STM32CubeIDE_1.15.1/STM32CubeIDE/plugins/com.st.stm32cube.ide.mcu.externaltools.gnu-tools-for-stm32.12.3.rel1.win32_1.0.100.202403111256/tools/bin/../lib/gcc/arm-none-eabi/12.3.1/../../../../arm-none-eabi/lib/thumb/v6-m/nofp\libc_nano.a(libc_a-mallocr.o)
                0x20001ff8                __malloc_sbrk_start
 .bss.__malloc_free_list
                0x20001ffc        0x4 C:/ST/STM32CubeIDE_1.15.1/STM32CubeIDE/plugins/com.st.stm32cube.ide.mcu.externaltools.gnu-tools-for-stm32.12.3.rel1.win32_1.0.100.202403111256/tools/bin/../lib/gcc/arm-none-eabi/12.3.1/../../../../arm-none-eabi/lib/thumb/v6-m/nofp\libc_nano.a(libc_a-mallocr.o)
                0x20001ffc                __malloc_free_list
 *(COMMON)
                0x20002000                        . = ALIGN (0x4)
                0x20002000                        _ebss = .
                0x20002000                        __bss_end__ = _ebss

._user_heap_stack
                0x20002000     0x1400 load address 0x0800da30
                0x20002000                        . = ALIGN (0x8)
                [!provide]                        PROVIDE (end = .)
                0x20002000                        PROVIDE (_end = .)
                0x20003000                        . = (. + _Min_Heap_Size)
 *fill*         0x20002000     0x1000 
                0x20003400                        . = (. + _Min_Stack_Size)
 *fill*         0x20003000      0x400 
                0x20003400                        . = ALIGN (0x8)

/DISCARD/
 libc.a(*)
 libm.a(*)
 libgcc.a(*)

.ARM.attributes
                0x00000000       0x28
 *(.ARM.attributes)
 .ARM.attributes
                0x00000000       0x1e C:/ST/STM32CubeIDE_1.15.1/STM32CubeIDE/plugins/com.st.stm32cube.ide.mcu.externaltools.gnu-tools-for-stm32.12.3.rel1.win32_1.0.100.202403111256/tools/bin/../lib/gcc/arm-none-eabi/12.3.1/thumb/v6-m/nofp/crti.o
 .ARM.attributes
                0x0000001e       0x2c C:/ST/STM32CubeIDE_1.15.1/STM32CubeIDE/plugins/com.st.stm32cube.ide.mcu.externaltools.gnu-tools-for-stm32.12.3.rel1.win32_1.0.100.202403111256/tools/bin/../lib/gcc/arm-none-eabi/12.3.1/thumb/v6-m/nofp/crtbegin.o
 .ARM.attributes
                0x0000004a       0x2c ./Core/Src/main.o
 .ARM.attributes
                0x00000076       0x2c ./Core/Src/stm32g0xx_hal_msp.o
 .ARM.attributes
                0x000000a2       0x2c ./Core/Src/stm32g0xx_it.o
 .ARM.attributes
                0x000000ce       0x2c ./Core/Src/syscalls.o
 .ARM.attributes
                0x000000fa       0x2c ./Core/Src/sysmem.o
 .ARM.attributes
                0x00000126       0x2c ./Core/Src/system_stm32g0xx.o
 .ARM.attributes
                0x00000152       0x22 ./Core/Startup/startup_stm32g0b1cbtx.o
 .ARM.attributes
                0x00000174       0x2c ./Drivers/STM32G0xx_HAL_Driver/Src/stm32g0xx_hal.o
 .ARM.attributes
                0x000001a0       0x2c ./Drivers/STM32G0xx_HAL_Driver/Src/stm32g0xx_hal_cortex.o
 .ARM.attributes
                0x000001cc       0x2c ./Drivers/STM32G0xx_HAL_Driver/Src/stm32g0xx_hal_dma.o
 .ARM.attributes
                0x000001f8       0x2c ./Drivers/STM32G0xx_HAL_Driver/Src/stm32g0xx_hal_fdcan.o
 .ARM.attributes
                0x00000224       0x2c ./Drivers/STM32G0xx_HAL_Driver/Src/stm32g0xx_hal_gpio.o
 .ARM.attributes
                0x00000250       0x2c ./Drivers/STM32G0xx_HAL_Driver/Src/stm32g0xx_hal_i2c.o
 .ARM.attributes
                0x0000027c       0x2c ./Drivers/STM32G0xx_HAL_Driver/Src/stm32g0xx_hal_i2c_ex.o
 .ARM.attributes
                0x000002a8       0x2c ./Drivers/STM32G0xx_HAL_Driver/Src/stm32g0xx_hal_iwdg.o
 .ARM.attributes
                0x000002d4       0x2c ./Drivers/STM32G0xx_HAL_Driver/Src/stm32g0xx_hal_pcd.o
 .ARM.attributes
                0x00000300       0x2c ./Drivers/STM32G0xx_HAL_Driver/Src/stm32g0xx_hal_pcd_ex.o
 .ARM.attributes
                0x0000032c       0x2c ./Drivers/STM32G0xx_HAL_Driver/Src/stm32g0xx_hal_pwr_ex.o
 .ARM.attributes
                0x00000358       0x2c ./Drivers/STM32G0xx_HAL_Driver/Src/stm32g0xx_hal_rcc.o
 .ARM.attributes
                0x00000384       0x2c ./Drivers/STM32G0xx_HAL_Driver/Src/stm32g0xx_hal_rcc_ex.o
 .ARM.attributes
                0x000003b0       0x2c ./Drivers/STM32G0xx_HAL_Driver/Src/stm32g0xx_hal_spi.o
 .ARM.attributes
                0x000003dc       0x2c ./Drivers/STM32G0xx_HAL_Driver/Src/stm32g0xx_hal_tim.o
 .ARM.attributes
                0x00000408       0x2c ./Drivers/STM32G0xx_HAL_Driver/Src/stm32g0xx_hal_tim_ex.o
 .ARM.attributes
                0x00000434       0x2c ./Drivers/STM32G0xx_HAL_Driver/Src/stm32g0xx_hal_uart.o
 .ARM.attributes
                0x00000460       0x2c ./Drivers/STM32G0xx_HAL_Driver/Src/stm32g0xx_hal_uart_ex.o
 .ARM.attributes
                0x0000048c       0x2c ./Drivers/STM32G0xx_HAL_Driver/Src/stm32g0xx_ll_usb.o
 .ARM.attributes
                0x000004b8       0x2c ./Middlewares/ST/STM32_USB_Device_Library/Class/CDC/Src/usbd_cdc.o
 .ARM.attributes
                0x000004e4       0x2c ./Middlewares/ST/STM32_USB_Device_Library/Core/Src/usbd_core.o
 .ARM.attributes
                0x00000510       0x2c ./Middlewares/ST/STM32_USB_Device_Library/Core/Src/usbd_ctlreq.o
 .ARM.attributes
                0x0000053c       0x2c ./Middlewares/ST/STM32_USB_Device_Library/Core/Src/usbd_ioreq.o
 .ARM.attributes
                0x00000568       0x2c ./USB_Device/App/usb_device.o
 .ARM.attributes
                0x00000594       0x2c ./USB_Device/App/usbd_cdc_if.o
 .ARM.attributes
                0x000005c0       0x2c ./USB_Device/App/usbd_desc.o
 .ARM.attributes
                0x000005ec       0x2c ./USB_Device/Target/usbd_conf.o
 .ARM.attributes
                0x00000618       0x2c C:/ST/STM32CubeIDE_1.15.1/STM32CubeIDE/plugins/com.st.stm32cube.ide.mcu.externaltools.gnu-tools-for-stm32.12.3.rel1.win32_1.0.100.202403111256/tools/bin/../lib/gcc/arm-none-eabi/12.3.1/../../../../arm-none-eabi/lib/thumb/v6-m/nofp\libc_nano.a(libc_a-findfp.o)
 .ARM.attributes
                0x00000644       0x2c C:/ST/STM32CubeIDE_1.15.1/STM32CubeIDE/plugins/com.st.stm32cube.ide.mcu.externaltools.gnu-tools-for-stm32.12.3.rel1.win32_1.0.100.202403111256/tools/bin/../lib/gcc/arm-none-eabi/12.3.1/../../../../arm-none-eabi/lib/thumb/v6-m/nofp\libc_nano.a(libc_a-fwalk.o)
 .ARM.attributes
                0x00000670       0x2c C:/ST/STM32CubeIDE_1.15.1/STM32CubeIDE/plugins/com.st.stm32cube.ide.mcu.externaltools.gnu-tools-for-stm32.12.3.rel1.win32_1.0.100.202403111256/tools/bin/../lib/gcc/arm-none-eabi/12.3.1/../../../../arm-none-eabi/lib/thumb/v6-m/nofp\libc_nano.a(libc_a-printf.o)
 .ARM.attributes
                0x0000069c       0x2c C:/ST/STM32CubeIDE_1.15.1/STM32CubeIDE/plugins/com.st.stm32cube.ide.mcu.externaltools.gnu-tools-for-stm32.12.3.rel1.win32_1.0.100.202403111256/tools/bin/../lib/gcc/arm-none-eabi/12.3.1/../../../../arm-none-eabi/lib/thumb/v6-m/nofp\libc_nano.a(libc_a-putchar.o)
 .ARM.attributes
                0x000006c8       0x2c C:/ST/STM32CubeIDE_1.15.1/STM32CubeIDE/plugins/com.st.stm32cube.ide.mcu.externaltools.gnu-tools-for-stm32.12.3.rel1.win32_1.0.100.202403111256/tools/bin/../lib/gcc/arm-none-eabi/12.3.1/../../../../arm-none-eabi/lib/thumb/v6-m/nofp\libc_nano.a(libc_a-stdio.o)
 .ARM.attributes
                0x000006f4       0x2c C:/ST/STM32CubeIDE_1.15.1/STM32CubeIDE/plugins/com.st.stm32cube.ide.mcu.externaltools.gnu-tools-for-stm32.12.3.rel1.win32_1.0.100.202403111256/tools/bin/../lib/gcc/arm-none-eabi/12.3.1/../../../../arm-none-eabi/lib/thumb/v6-m/nofp\libc_nano.a(libc_a-memset.o)
 .ARM.attributes
                0x00000720       0x2c C:/ST/STM32CubeIDE_1.15.1/STM32CubeIDE/plugins/com.st.stm32cube.ide.mcu.externaltools.gnu-tools-for-stm32.12.3.rel1.win32_1.0.100.202403111256/tools/bin/../lib/gcc/arm-none-eabi/12.3.1/../../../../arm-none-eabi/lib/thumb/v6-m/nofp\libc_nano.a(libc_a-closer.o)
 .ARM.attributes
                0x0000074c       0x2c C:/ST/STM32CubeIDE_1.15.1/STM32CubeIDE/plugins/com.st.stm32cube.ide.mcu.externaltools.gnu-tools-for-stm32.12.3.rel1.win32_1.0.100.202403111256/tools/bin/../lib/gcc/arm-none-eabi/12.3.1/../../../../arm-none-eabi/lib/thumb/v6-m/nofp\libc_nano.a(libc_a-reent.o)
 .ARM.attributes
                0x00000778       0x2c C:/ST/STM32CubeIDE_1.15.1/STM32CubeIDE/plugins/com.st.stm32cube.ide.mcu.externaltools.gnu-tools-for-stm32.12.3.rel1.win32_1.0.100.202403111256/tools/bin/../lib/gcc/arm-none-eabi/12.3.1/../../../../arm-none-eabi/lib/thumb/v6-m/nofp\libc_nano.a(libc_a-impure.o)
 .ARM.attributes
                0x000007a4       0x2c C:/ST/STM32CubeIDE_1.15.1/STM32CubeIDE/plugins/com.st.stm32cube.ide.mcu.externaltools.gnu-tools-for-stm32.12.3.rel1.win32_1.0.100.202403111256/tools/bin/../lib/gcc/arm-none-eabi/12.3.1/../../../../arm-none-eabi/lib/thumb/v6-m/nofp\libc_nano.a(libc_a-lseekr.o)
 .ARM.attributes
                0x000007d0       0x2c C:/ST/STM32CubeIDE_1.15.1/STM32CubeIDE/plugins/com.st.stm32cube.ide.mcu.externaltools.gnu-tools-for-stm32.12.3.rel1.win32_1.0.100.202403111256/tools/bin/../lib/gcc/arm-none-eabi/12.3.1/../../../../arm-none-eabi/lib/thumb/v6-m/nofp\libc_nano.a(libc_a-readr.o)
 .ARM.attributes
                0x000007fc       0x2c C:/ST/STM32CubeIDE_1.15.1/STM32CubeIDE/plugins/com.st.stm32cube.ide.mcu.externaltools.gnu-tools-for-stm32.12.3.rel1.win32_1.0.100.202403111256/tools/bin/../lib/gcc/arm-none-eabi/12.3.1/../../../../arm-none-eabi/lib/thumb/v6-m/nofp\libc_nano.a(libc_a-writer.o)
 .ARM.attributes
                0x00000828       0x2c C:/ST/STM32CubeIDE_1.15.1/STM32CubeIDE/plugins/com.st.stm32cube.ide.mcu.externaltools.gnu-tools-for-stm32.12.3.rel1.win32_1.0.100.202403111256/tools/bin/../lib/gcc/arm-none-eabi/12.3.1/../../../../arm-none-eabi/lib/thumb/v6-m/nofp\libc_nano.a(libc_a-errno.o)
 .ARM.attributes
                0x00000854       0x2c C:/ST/STM32CubeIDE_1.15.1/STM32CubeIDE/plugins/com.st.stm32cube.ide.mcu.externaltools.gnu-tools-for-stm32.12.3.rel1.win32_1.0.100.202403111256/tools/bin/../lib/gcc/arm-none-eabi/12.3.1/../../../../arm-none-eabi/lib/thumb/v6-m/nofp\libc_nano.a(libc_a-init.o)
 .ARM.attributes
                0x00000880       0x2c C:/ST/STM32CubeIDE_1.15.1/STM32CubeIDE/plugins/com.st.stm32cube.ide.mcu.externaltools.gnu-tools-for-stm32.12.3.rel1.win32_1.0.100.202403111256/tools/bin/../lib/gcc/arm-none-eabi/12.3.1/../../../../arm-none-eabi/lib/thumb/v6-m/nofp\libc_nano.a(libc_a-lock.o)
 .ARM.attributes
                0x000008ac       0x2c C:/ST/STM32CubeIDE_1.15.1/STM32CubeIDE/plugins/com.st.stm32cube.ide.mcu.externaltools.gnu-tools-for-stm32.12.3.rel1.win32_1.0.100.202403111256/tools/bin/../lib/gcc/arm-none-eabi/12.3.1/../../../../arm-none-eabi/lib/thumb/v6-m/nofp\libc_nano.a(libc_a-freer.o)
 .ARM.attributes
                0x000008d8       0x2c C:/ST/STM32CubeIDE_1.15.1/STM32CubeIDE/plugins/com.st.stm32cube.ide.mcu.externaltools.gnu-tools-for-stm32.12.3.rel1.win32_1.0.100.202403111256/tools/bin/../lib/gcc/arm-none-eabi/12.3.1/../../../../arm-none-eabi/lib/thumb/v6-m/nofp\libc_nano.a(libc_a-mallocr.o)
 .ARM.attributes
                0x00000904       0x2c C:/ST/STM32CubeIDE_1.15.1/STM32CubeIDE/plugins/com.st.stm32cube.ide.mcu.externaltools.gnu-tools-for-stm32.12.3.rel1.win32_1.0.100.202403111256/tools/bin/../lib/gcc/arm-none-eabi/12.3.1/../../../../arm-none-eabi/lib/thumb/v6-m/nofp\libc_nano.a(libc_a-mlock.o)
 .ARM.attributes
                0x00000930       0x2c C:/ST/STM32CubeIDE_1.15.1/STM32CubeIDE/plugins/com.st.stm32cube.ide.mcu.externaltools.gnu-tools-for-stm32.12.3.rel1.win32_1.0.100.202403111256/tools/bin/../lib/gcc/arm-none-eabi/12.3.1/../../../../arm-none-eabi/lib/thumb/v6-m/nofp\libc_nano.a(libc_a-nano-vfprintf.o)
 .ARM.attributes
                0x0000095c       0x2c C:/ST/STM32CubeIDE_1.15.1/STM32CubeIDE/plugins/com.st.stm32cube.ide.mcu.externaltools.gnu-tools-for-stm32.12.3.rel1.win32_1.0.100.202403111256/tools/bin/../lib/gcc/arm-none-eabi/12.3.1/../../../../arm-none-eabi/lib/thumb/v6-m/nofp\libc_nano.a(libc_a-nano-vfprintf_i.o)
 .ARM.attributes