../Drivers/STM32G0xx_HAL_Driver/Inc/stm32g0xx_ll_rcc.h:1793:26:LL_RCC_GetAPB1Prescaler	8	static
../Drivers/STM32G0xx_HAL_Driver/Src/stm32g0xx_hal_rcc.c:217:19:HAL_RCC_DeInit	16	static
../Drivers/STM32G0xx_HAL_Driver/Src/stm32g0xx_hal_rcc.c:309:19:HAL_RCC_OscConfig	40	static
../Drivers/STM32G0xx_HAL_Driver/Src/stm32g0xx_hal_rcc.c:833:19:HAL_RCC_ClockConfig	24	static
../Drivers/STM32G0xx_HAL_Driver/Src/stm32g0xx_hal_rcc.c:1077:6:HAL_RCC_MCOConfig	56	static
../Drivers/STM32G0xx_HAL_Driver/Src/stm32g0xx_hal_rcc.c:1168:10:HAL_RCC_GetSysClockFreq	32	static
../Drivers/STM32G0xx_HAL_Driver/Src/stm32g0xx_hal_rcc.c:1245:10:HAL_RCC_GetHCLKFreq	8	static
../Drivers/STM32G0xx_HAL_Driver/Src/stm32g0xx_hal_rcc.c:1256:10:HAL_RCC_GetPCLK1Freq	16	static
../Drivers/STM32G0xx_HAL_Driver/Src/stm32g0xx_hal_rcc.c:1270:6:HAL_RCC_GetOscConfig	16	static
../Drivers/STM32G0xx_HAL_Driver/Src/stm32g0xx_hal_rcc.c:1377:6:HAL_RCC_GetClockConfig	16	static
../Drivers/STM32G0xx_HAL_Driver/Src/stm32g0xx_hal_rcc.c:1411:6:HAL_RCC_EnableCSS	8	static
../Drivers/STM32G0xx_HAL_Driver/Src/stm32g0xx_hal_rcc.c:1427:6:HAL_RCC_EnableLSECSS	8	static
../Drivers/STM32G0xx_HAL_Driver/Src/stm32g0xx_hal_rcc.c:1438:6:HAL_RCC_DisableLSECSS	8	static
../Drivers/STM32G0xx_HAL_Driver/Src/stm32g0xx_hal_rcc.c:1448:6:HAL_RCC_NMI_IRQHandler	16	static
../Drivers/STM32G0xx_HAL_Driver/Src/stm32g0xx_hal_rcc.c:1474:13:HAL_RCC_CSSCallback	8	static
../Drivers/STM32G0xx_HAL_Driver/Src/stm32g0xx_hal_rcc.c:1485:13:HAL_RCC_LSECSSCallback	8	static
../Drivers/STM32G0xx_HAL_Driver/Src/stm32g0xx_hal_rcc.c:1498:10:HAL_RCC_GetResetSource	16	static
