../Drivers/STM32G0xx_HAL_Driver/Src/stm32g0xx_hal_pwr_ex.c:131:6:HAL_PWREx_EnableBatteryCharging	24	static
../Drivers/STM32G0xx_HAL_Driver/Src/stm32g0xx_hal_pwr_ex.c:145:6:HAL_PWREx_DisableBatteryCharging	8	static
../Drivers/STM32G0xx_HAL_Driver/Src/stm32g0xx_hal_pwr_ex.c:158:6:HAL_PWREx_EnablePORMonitorSampling	8	static
../Drivers/STM32G0xx_HAL_Driver/Src/stm32g0xx_hal_pwr_ex.c:167:6:HAL_PWREx_DisablePORMonitorSampling	8	static
../Drivers/STM32G0xx_HAL_Driver/Src/stm32g0xx_hal_pwr_ex.c:185:19:HAL_PWREx_ConfigPVD	16	static
../Drivers/STM32G0xx_HAL_Driver/Src/stm32g0xx_hal_pwr_ex.c:230:6:HAL_PWREx_EnablePVD	8	static
../Drivers/STM32G0xx_HAL_Driver/Src/stm32g0xx_hal_pwr_ex.c:239:6:HAL_PWREx_DisablePVD	8	static
../Drivers/STM32G0xx_HAL_Driver/Src/stm32g0xx_hal_pwr_ex.c:251:6:HAL_PWREx_EnableVddUSB	8	static
../Drivers/STM32G0xx_HAL_Driver/Src/stm32g0xx_hal_pwr_ex.c:260:6:HAL_PWREx_DisableVddUSB	8	static
../Drivers/STM32G0xx_HAL_Driver/Src/stm32g0xx_hal_pwr_ex.c:272:6:HAL_PWREx_EnableVddIO2	8	static
../Drivers/STM32G0xx_HAL_Driver/Src/stm32g0xx_hal_pwr_ex.c:281:6:HAL_PWREx_DisableVddIO2	8	static
../Drivers/STM32G0xx_HAL_Driver/Src/stm32g0xx_hal_pwr_ex.c:292:6:HAL_PWREx_EnablePVMUSB	8	static
../Drivers/STM32G0xx_HAL_Driver/Src/stm32g0xx_hal_pwr_ex.c:301:6:HAL_PWREx_DisablePVMUSB	8	static
../Drivers/STM32G0xx_HAL_Driver/Src/stm32g0xx_hal_pwr_ex.c:320:19:HAL_PWREx_ConfigPVM	24	static
../Drivers/STM32G0xx_HAL_Driver/Src/stm32g0xx_hal_pwr_ex.c:376:6:HAL_PWREx_EnableInternalWakeUpLine	8	static
../Drivers/STM32G0xx_HAL_Driver/Src/stm32g0xx_hal_pwr_ex.c:385:6:HAL_PWREx_DisableInternalWakeUpLine	8	static
../Drivers/STM32G0xx_HAL_Driver/Src/stm32g0xx_hal_pwr_ex.c:409:19:HAL_PWREx_EnableGPIOPullUp	24	static
../Drivers/STM32G0xx_HAL_Driver/Src/stm32g0xx_hal_pwr_ex.c:470:19:HAL_PWREx_DisableGPIOPullUp	24	static
../Drivers/STM32G0xx_HAL_Driver/Src/stm32g0xx_hal_pwr_ex.c:532:19:HAL_PWREx_EnableGPIOPullDown	24	static
../Drivers/STM32G0xx_HAL_Driver/Src/stm32g0xx_hal_pwr_ex.c:594:19:HAL_PWREx_DisableGPIOPullDown	24	static
../Drivers/STM32G0xx_HAL_Driver/Src/stm32g0xx_hal_pwr_ex.c:647:6:HAL_PWREx_EnablePullUpPullDownConfig	8	static
../Drivers/STM32G0xx_HAL_Driver/Src/stm32g0xx_hal_pwr_ex.c:658:6:HAL_PWREx_DisablePullUpPullDownConfig	8	static
../Drivers/STM32G0xx_HAL_Driver/Src/stm32g0xx_hal_pwr_ex.c:670:6:HAL_PWREx_EnableSRAMRetention	8	static
../Drivers/STM32G0xx_HAL_Driver/Src/stm32g0xx_hal_pwr_ex.c:681:6:HAL_PWREx_DisableSRAMRetention	8	static
../Drivers/STM32G0xx_HAL_Driver/Src/stm32g0xx_hal_pwr_ex.c:697:6:HAL_PWREx_EnableFlashPowerDown	16	static
../Drivers/STM32G0xx_HAL_Driver/Src/stm32g0xx_hal_pwr_ex.c:714:6:HAL_PWREx_DisableFlashPowerDown	16	static
../Drivers/STM32G0xx_HAL_Driver/Src/stm32g0xx_hal_pwr_ex.c:727:10:HAL_PWREx_GetVoltageRange	8	static
../Drivers/STM32G0xx_HAL_Driver/Src/stm32g0xx_hal_pwr_ex.c:752:19:HAL_PWREx_ControlVoltageScaling	24	static
../Drivers/STM32G0xx_HAL_Driver/Src/stm32g0xx_hal_pwr_ex.c:792:6:HAL_PWREx_EnableLowPowerRunMode	8	static
../Drivers/STM32G0xx_HAL_Driver/Src/stm32g0xx_hal_pwr_ex.c:806:19:HAL_PWREx_DisableLowPowerRunMode	16	static
../Drivers/STM32G0xx_HAL_Driver/Src/stm32g0xx_hal_pwr_ex.c:848:6:HAL_PWREx_EnterSHUTDOWNMode	8	static,ignoring_inline_asm
../Drivers/STM32G0xx_HAL_Driver/Src/stm32g0xx_hal_pwr_ex.c:872:6:HAL_PWREx_PVD_PVM_IRQHandler	8	static
../Drivers/STM32G0xx_HAL_Driver/Src/stm32g0xx_hal_pwr_ex.c:919:13:HAL_PWREx_PVD_PVM_Rising_Callback	8	static
../Drivers/STM32G0xx_HAL_Driver/Src/stm32g0xx_hal_pwr_ex.c:930:13:HAL_PWREx_PVD_PVM_Falling_Callback	8	static
