../Drivers/STM32G0xx_HAL_Driver/Src/stm32g0xx_hal_dma.c:153:19:HAL_DMA_Init	16	static
../Drivers/STM32G0xx_HAL_Driver/Src/stm32g0xx_hal_dma.c:265:19:HAL_DMA_DeInit	16	static
../Drivers/STM32G0xx_HAL_Driver/Src/stm32g0xx_hal_dma.c:393:19:HAL_DMA_Start	32	static
../Drivers/STM32G0xx_HAL_Driver/Src/stm32g0xx_hal_dma.c:445:19:HAL_DMA_Start_IT	32	static
../Drivers/STM32G0xx_HAL_Driver/Src/stm32g0xx_hal_dma.c:519:19:HAL_DMA_Abort	16	static
../Drivers/STM32G0xx_HAL_Driver/Src/stm32g0xx_hal_dma.c:586:19:HAL_DMA_Abort_IT	24	static
../Drivers/STM32G0xx_HAL_Driver/Src/stm32g0xx_hal_dma.c:653:19:HAL_DMA_PollForTransfer	32	static
../Drivers/STM32G0xx_HAL_Driver/Src/stm32g0xx_hal_dma.c:819:6:HAL_DMA_IRQHandler	24	static
../Drivers/STM32G0xx_HAL_Driver/Src/stm32g0xx_hal_dma.c:931:19:HAL_DMA_RegisterCallback	32	static
../Drivers/STM32G0xx_HAL_Driver/Src/stm32g0xx_hal_dma.c:984:19:HAL_DMA_UnRegisterCallback	24	static
../Drivers/STM32G0xx_HAL_Driver/Src/stm32g0xx_hal_dma.c:1061:22:HAL_DMA_GetState	16	static
../Drivers/STM32G0xx_HAL_Driver/Src/stm32g0xx_hal_dma.c:1073:10:HAL_DMA_GetError	16	static
../Drivers/STM32G0xx_HAL_Driver/Src/stm32g0xx_hal_dma.c:1100:13:DMA_SetConfig	24	static
../Drivers/STM32G0xx_HAL_Driver/Src/stm32g0xx_hal_dma.c:1148:13:DMA_CalcDMAMUXChannelBaseAndMask	24	static
../Drivers/STM32G0xx_HAL_Driver/Src/stm32g0xx_hal_dma.c:1195:13:DMA_CalcDMAMUXRequestGenBaseAndMask	24	static
