../USBPD/App/usbpd_dpm_core.c:103:21:USBPD_DPM_InitCore	24	static
../USBPD/App/usbpd_dpm_core.c:206:21:USBPD_DPM_InitOS	16	static
../USBPD/App/usbpd_dpm_core.c:304:6:USBPD_DPM_Run	16	static
../USBPD/App/usbpd_dpm_core.c:358:6:USBPD_DPM_TimerCounter	8	static
../USBPD/App/usbpd_dpm_core.c:383:13:USBPD_PE_TaskWakeUp	16	static
../USBPD/App/usbpd_dpm_core.c:396:13:USBPD_DPM_CADTaskWakeUp	8	static
../USBPD/App/usbpd_dpm_core.c:412:6:USBPD_DPM_CADCallback	16	static
../USBPD/App/usbpd_dpm_core.c:458:13:DPM_StartPETask	16	static
../USBPD/App/usbpd_dpm_core.c:474:13:USBPD_DPM_ErrorHandler	8	static
