../Core/Src/main.c:97:6:cli_println	16	static
../Core/Src/main.c:102:6:cli_rx	16	static
../Core/Src/main.c:107:14:help_func	16	static
../Core/Src/main.c:113:14:echo_func	16	static
../Core/Src/main.c:127:6:breathe_LED	8	static
../Core/Src/main.c:151:5:main	8	static
../Core/Src/main.c:215:6:SystemClock_Config	96	static
../Core/Src/main.c:256:13:MX_FDCAN1_Init	8	static
../Core/Src/main.c:297:13:MX_I2C2_Init	8	static
../Core/Src/main.c:342:13:MX_IWDG_Init	8	static
../Core/Src/main.c:369:13:MX_SPI2_Init	8	static
../Core/Src/main.c:407:13:MX_TIM2_Init	64	static
../Core/Src/main.c:462:13:MX_TIM4_Init	64	static
../Core/Src/main.c:525:13:MX_USART2_UART_Init	8	static
../Core/Src/main.c:570:13:MX_USART4_UART_Init	8	static
../Core/Src/main.c:602:13:MX_DMA_Init	16	static
../Core/Src/main.c:619:13:MX_GPIO_Init	48	static
../Core/Src/main.c:657:6:Error_Handler	8	static,ignoring_inline_asm
