../Core/Src/main.c:111:14:help_func	16	static
../Core/Src/main.c:120:14:can_pwr_func	16	static
../Core/Src/main.c:152:14:temp	16	static
../Core/Src/main.c:175:6:cli_println	16	static
../Core/Src/main.c:181:6:cli_rx	16	static
../Core/Src/main.c:186:6:breathe_LED	8	static
../Core/Src/main.c:210:6:HAL_GPIO_EXTI_Falling_Callback	16	static
../Core/Src/main.c:218:6:Read_Temp_Humid	56	static
../Core/Src/main.c:234:5:main	8	static
../Core/Src/main.c:329:6:SystemClock_Config	96	static
../Core/Src/main.c:375:13:MX_FDCAN1_Init	8	static
../Core/Src/main.c:418:13:MX_I2C2_Init	8	static
../Core/Src/main.c:466:13:MX_IWDG_Init	8	static
../Core/Src/main.c:495:13:MX_SPI2_Init	8	static
../Core/Src/main.c:535:13:MX_TIM2_Init	64	static
../Core/Src/main.c:597:13:MX_TIM4_Init	64	static
../Core/Src/main.c:667:13:MX_USART2_UART_Init	8	static
../Core/Src/main.c:717:13:MX_USART4_UART_Init	8	static
../Core/Src/main.c:751:13:MX_DMA_Init	16	static
../Core/Src/main.c:769:13:MX_GPIO_Init	48	static
../Core/Src/main.c:819:6:Error_Handler	8	static,ignoring_inline_asm
