../Core/Src/main.c:113:14:help_func	16	static
../Core/Src/main.c:122:14:can_pwr_func	16	static
../Core/Src/main.c:154:14:temp	16	static
../Core/Src/main.c:177:6:cli_println	16	static
../Core/Src/main.c:183:6:cli_rx	16	static
../Core/Src/main.c:188:6:breathe_LED	8	static
../Core/Src/main.c:212:6:HAL_GPIO_EXTI_Falling_Callback	16	static
../Core/Src/main.c:220:6:Read_Temp_Humid	56	static
../Core/Src/main.c:236:5:main	8	static
../Core/Src/main.c:327:6:SystemClock_Config	96	static
../Core/Src/main.c:373:13:MX_FDCAN1_Init	8	static
../Core/Src/main.c:416:13:MX_I2C2_Init	8	static
../Core/Src/main.c:464:13:MX_IWDG_Init	8	static
../Core/Src/main.c:493:13:MX_SPI2_Init	8	static
../Core/Src/main.c:533:13:MX_TIM2_Init	64	static
../Core/Src/main.c:595:13:MX_TIM4_Init	64	static
../Core/Src/main.c:665:13:MX_USART2_UART_Init	8	static
../Core/Src/main.c:715:13:MX_USART4_UART_Init	8	static
../Core/Src/main.c:749:13:MX_DMA_Init	16	static
../Core/Src/main.c:767:13:MX_GPIO_Init	48	static
../Core/Src/main.c:817:6:Error_Handler	8	static,ignoring_inline_asm
