../Core/Src/main.c:101:6:cli_println	16	static
../Core/Src/main.c:107:6:cli_rx	16	static
../Core/Src/main.c:112:14:help_func	16	static
../Core/Src/main.c:118:14:echo_func	16	static
../Core/Src/main.c:138:6:breathe_LED	8	static
../Core/Src/main.c:167:5:main	8	static
../Core/Src/main.c:248:6:SystemClock_Config	96	static
../Core/Src/main.c:294:13:MX_FDCAN1_Init	8	static
../Core/Src/main.c:337:13:MX_I2C2_Init	8	static
../Core/Src/main.c:385:13:MX_IWDG_Init	8	static
../Core/Src/main.c:414:13:MX_SPI2_Init	8	static
../Core/Src/main.c:454:13:MX_TIM2_Init	64	static
../Core/Src/main.c:516:13:MX_TIM4_Init	64	static
../Core/Src/main.c:586:13:MX_USART2_UART_Init	8	static
../Core/Src/main.c:636:13:MX_USART4_UART_Init	8	static
../Core/Src/main.c:670:13:MX_DMA_Init	16	static
../Core/Src/main.c:688:13:MX_GPIO_Init	48	static
../Core/Src/main.c:728:6:Error_Handler	8	static,ignoring_inline_asm
