../Drivers/CMSIS/Include/core_cm0plus.h:741:22:__NVIC_EnableIRQ	16	static,ignoring_inline_asm
../Drivers/CMSIS/Include/core_cm0plus.h:850:22:__NVIC_SetPriority	24	static
../Drivers/STM32G0xx_HAL_Driver/Inc/stm32g0xx_ll_dma.h:603:22:LL_DMA_SetDataTransferDirection	32	static
../Drivers/STM32G0xx_HAL_Driver/Inc/stm32g0xx_ll_dma.h:654:22:LL_DMA_SetMode	32	static
../Drivers/STM32G0xx_HAL_Driver/Inc/stm32g0xx_ll_dma.h:701:22:LL_DMA_SetPeriphIncMode	32	static
../Drivers/STM32G0xx_HAL_Driver/Inc/stm32g0xx_ll_dma.h:748:22:LL_DMA_SetMemoryIncMode	32	static
../Drivers/STM32G0xx_HAL_Driver/Inc/stm32g0xx_ll_dma.h:796:22:LL_DMA_SetPeriphSize	32	static
../Drivers/STM32G0xx_HAL_Driver/Inc/stm32g0xx_ll_dma.h:845:22:LL_DMA_SetMemorySize	32	static
../Drivers/STM32G0xx_HAL_Driver/Inc/stm32g0xx_ll_dma.h:895:22:LL_DMA_SetChannelPriorityLevel	32	static
../Drivers/STM32G0xx_HAL_Driver/Inc/stm32g0xx_ll_dma.h:1270:22:LL_DMA_SetPeriphRequest	32	static
../Drivers/STM32G0xx_HAL_Driver/Inc/stm32g0xx_ll_bus.h:467:22:LL_APB1_GRP1_EnableClock	24	static
../Drivers/STM32G0xx_HAL_Driver/Inc/stm32g0xx_ll_bus.h:1135:22:LL_IOP_GRP1_EnableClock	24	static
../Core/Src/main.c:90:5:main	8	static
../Core/Src/main.c:149:6:SystemClock_Config	96	static
../Core/Src/main.c:193:13:MX_FDCAN1_Init	8	static
../Core/Src/main.c:236:13:MX_I2C2_Init	8	static
../Core/Src/main.c:284:13:MX_IWDG_Init	8	static
../Core/Src/main.c:313:13:MX_SPI2_Init	8	static
../Core/Src/main.c:353:13:MX_TIM2_Init	64	static
../Core/Src/main.c:412:13:MX_TIM4_Init	64	static
../Core/Src/main.c:479:13:MX_UCPD1_Init	32	static
../Core/Src/main.c:561:13:MX_USART2_UART_Init	8	static
../Core/Src/main.c:609:13:MX_USART4_UART_Init	8	static
../Core/Src/main.c:643:13:MX_DMA_Init	16	static
../Core/Src/main.c:664:13:MX_GPIO_Init	48	static
../Core/Src/main.c:703:6:Error_Handler	8	static,ignoring_inline_asm
