../Drivers/CMSIS/Include/core_cm0plus.h:741:22:__NVIC_EnableIRQ	16	static,ignoring_inline_asm
../Drivers/CMSIS/Include/core_cm0plus.h:850:22:__NVIC_SetPriority	24	static
../Drivers/STM32G0xx_HAL_Driver/Inc/stm32g0xx_ll_dma.h:500:22:LL_DMA_EnableChannel	24	static
../Drivers/STM32G0xx_HAL_Driver/Inc/stm32g0xx_ll_dma.h:520:22:LL_DMA_DisableChannel	24	static
../Drivers/STM32G0xx_HAL_Driver/Inc/stm32g0xx_ll_dma.h:576:22:LL_DMA_ConfigTransfer	32	static
../Drivers/STM32G0xx_HAL_Driver/Inc/stm32g0xx_ll_dma.h:628:26:LL_DMA_GetDataTransferDirection	24	static
../Drivers/STM32G0xx_HAL_Driver/Inc/stm32g0xx_ll_dma.h:944:22:LL_DMA_SetDataLength	32	static
../Drivers/STM32G0xx_HAL_Driver/Inc/stm32g0xx_ll_dma.h:997:22:LL_DMA_ConfigAddresses	32	static
../Drivers/STM32G0xx_HAL_Driver/Inc/stm32g0xx_ll_dma.h:1270:22:LL_DMA_SetPeriphRequest	32	static
../Drivers/STM32G0xx_HAL_Driver/Inc/stm32g0xx_ll_dma.h:1477:26:LL_DMA_IsActiveFlag_TC3	16	static
../Drivers/STM32G0xx_HAL_Driver/Inc/stm32g0xx_ll_dma.h:1732:22:LL_DMA_ClearFlag_GI3	16	static
../Drivers/STM32G0xx_HAL_Driver/Inc/stm32g0xx_ll_dma.h:2065:22:LL_DMA_EnableIT_TC	24	static
../Drivers/STM32G0xx_HAL_Driver/Inc/stm32g0xx_ll_bus.h:250:22:LL_AHB1_GRP1_EnableClock	24	static
../Drivers/STM32G0xx_HAL_Driver/Inc/stm32g0xx_ll_bus.h:467:22:LL_APB1_GRP1_EnableClock	24	static
../Drivers/STM32G0xx_HAL_Driver/Inc/stm32g0xx_ll_bus.h:609:22:LL_APB1_GRP1_DisableClock	16	static
../Drivers/STM32G0xx_HAL_Driver/Inc/stm32g0xx_ll_bus.h:1135:22:LL_IOP_GRP1_EnableClock	24	static
../Drivers/STM32G0xx_HAL_Driver/Inc/stm32g0xx_ll_gpio.h:283:22:LL_GPIO_SetPinMode	24	static
../Drivers/STM32G0xx_HAL_Driver/Inc/stm32g0xx_ll_gpio.h:351:22:LL_GPIO_SetPinOutputType	24	static
../Drivers/STM32G0xx_HAL_Driver/Inc/stm32g0xx_ll_gpio.h:422:22:LL_GPIO_SetPinSpeed	24	static
../Drivers/STM32G0xx_HAL_Driver/Inc/stm32g0xx_ll_gpio.h:491:22:LL_GPIO_SetPinPull	24	static
../Drivers/STM32G0xx_HAL_Driver/Inc/stm32g0xx_ll_gpio.h:554:22:LL_GPIO_SetAFPin_0_7	24	static
../Drivers/STM32G0xx_HAL_Driver/Inc/stm32g0xx_ll_usart.h:634:22:LL_USART_Enable	16	static
../Drivers/STM32G0xx_HAL_Driver/Inc/stm32g0xx_ll_usart.h:648:22:LL_USART_Disable	16	static
../Drivers/STM32G0xx_HAL_Driver/Inc/stm32g0xx_ll_usart.h:858:22:LL_USART_EnableDirectionRx	32	static,ignoring_inline_asm
../Drivers/STM32G0xx_HAL_Driver/Inc/stm32g0xx_ll_usart.h:3193:26:LL_USART_IsActiveFlag_TEACK	16	static
../Drivers/STM32G0xx_HAL_Driver/Inc/stm32g0xx_ll_usart.h:3278:22:LL_USART_ClearFlag_PE	16	static
../Drivers/STM32G0xx_HAL_Driver/Inc/stm32g0xx_ll_usart.h:3289:22:LL_USART_ClearFlag_FE	16	static
../Drivers/STM32G0xx_HAL_Driver/Inc/stm32g0xx_ll_usart.h:3300:22:LL_USART_ClearFlag_NE	16	static
../Drivers/STM32G0xx_HAL_Driver/Inc/stm32g0xx_ll_usart.h:3311:22:LL_USART_ClearFlag_ORE	16	static
../Drivers/STM32G0xx_HAL_Driver/Inc/stm32g0xx_ll_usart.h:3346:22:LL_USART_ClearFlag_TC	16	static
../Drivers/STM32G0xx_HAL_Driver/Inc/stm32g0xx_ll_usart.h:3478:22:LL_USART_EnableIT_RXNE_RXFNE	32	static,ignoring_inline_asm
../Drivers/STM32G0xx_HAL_Driver/Inc/stm32g0xx_ll_usart.h:3489:22:LL_USART_EnableIT_TC	32	static,ignoring_inline_asm
../Drivers/STM32G0xx_HAL_Driver/Inc/stm32g0xx_ll_usart.h:3602:22:LL_USART_EnableIT_ERROR	32	static,ignoring_inline_asm
../Drivers/STM32G0xx_HAL_Driver/Inc/stm32g0xx_ll_usart.h:3704:22:LL_USART_DisableIT_TC	32	static,ignoring_inline_asm
../Drivers/STM32G0xx_HAL_Driver/Inc/stm32g0xx_ll_usart.h:3910:26:LL_USART_IsEnabledIT_RXNE_RXFNE	16	static
../Drivers/STM32G0xx_HAL_Driver/Inc/stm32g0xx_ll_usart.h:3921:26:LL_USART_IsEnabledIT_TC	16	static
../Drivers/STM32G0xx_HAL_Driver/Inc/stm32g0xx_ll_usart.h:3947:26:LL_USART_IsEnabledIT_PE	16	static
../Drivers/STM32G0xx_HAL_Driver/Inc/stm32g0xx_ll_usart.h:4032:26:LL_USART_IsEnabledIT_ERROR	16	static
../Drivers/STM32G0xx_HAL_Driver/Inc/stm32g0xx_ll_usart.h:4149:22:LL_USART_EnableDMAReq_TX	32	static,ignoring_inline_asm
../Drivers/STM32G0xx_HAL_Driver/Inc/stm32g0xx_ll_usart.h:4219:26:LL_USART_DMA_GetRegAddr	24	static
../Drivers/STM32G0xx_HAL_Driver/Inc/stm32g0xx_ll_usart.h:4251:25:LL_USART_ReceiveData8	16	static
../Utilities/TRACER_EMB/tracer_emb_hw.c:160:6:HW_TRACER_EMB_Init	48	static
../Utilities/TRACER_EMB/tracer_emb_hw.c:353:6:HW_TRACER_EMB_DeInit	8	static
../Utilities/TRACER_EMB/tracer_emb_hw.c:364:6:HW_TRACER_EMB_RegisterRxCallback	16	static
../Utilities/TRACER_EMB/tracer_emb_hw.c:374:6:HW_TRACER_EMB_StartRX	8	static
../Utilities/TRACER_EMB/tracer_emb_hw.c:393:6:HW_TRACER_EMB_IRQHandlerDMA	8	static
../Utilities/TRACER_EMB/tracer_emb_hw.c:407:6:HW_TRACER_EMB_IRQHandlerUSART	32	static
../Utilities/TRACER_EMB/tracer_emb_hw.c:565:6:HW_TRACER_EMB_SendData	32	static
../Utilities/TRACER_EMB/tracer_emb_hw.c:624:9:HW_TRACER_EMB_ReadData	8	static
