../USBPD/Target/usbpd_dpm_user.c:144:21:USBPD_DPM_UserInit	8	static
../USBPD/Target/usbpd_dpm_user.c:156:6:USBPD_DPM_WaitForTime	16	static
../USBPD/Target/usbpd_dpm_user.c:166:6:USBPD_DPM_UserExecute	16	static
../USBPD/Target/usbpd_dpm_user.c:179:6:USBPD_DPM_UserCableDetection	16	static
../USBPD/Target/usbpd_dpm_user.c:191:6:USBPD_DPM_UserTimerCounter	16	static
../USBPD/Target/usbpd_dpm_user.c:212:6:USBPD_DPM_Notification	16	static
../USBPD/Target/usbpd_dpm_user.c:264:6:USBPD_DPM_HardReset	16	static
../USBPD/Target/usbpd_dpm_user.c:279:6:USBPD_DPM_GetDataInfo	24	static
../USBPD/Target/usbpd_dpm_user.c:316:6:USBPD_DPM_SetDataInfo	24	static
../USBPD/Target/usbpd_dpm_user.c:359:6:USBPD_DPM_SNK_EvaluateCapabilities	24	static
../USBPD/Target/usbpd_dpm_user.c:371:21:USBPD_DPM_EvaluateVconnSwap	24	static
../USBPD/Target/usbpd_dpm_user.c:390:21:USBPD_DPM_PE_VconnPwr	16	static
../USBPD/Target/usbpd_dpm_user.c:408:6:USBPD_DPM_ExtendedMessageReceived	24	static
../USBPD/Target/usbpd_dpm_user.c:420:6:USBPD_DPM_EnterErrorRecovery	16	static
../USBPD/Target/usbpd_dpm_user.c:437:21:USBPD_DPM_EvaluateDataRoleSwap	24	static
../USBPD/Target/usbpd_dpm_user.c:467:23:USBPD_DPM_IsPowerReady	16	static
../USBPD/Target/usbpd_dpm_user.c:487:21:USBPD_DPM_RequestHardReset	32	static
../USBPD/Target/usbpd_dpm_user.c:501:21:USBPD_DPM_RequestCableReset	32	static
../USBPD/Target/usbpd_dpm_user.c:513:21:USBPD_DPM_RequestGotoMin	32	static
../USBPD/Target/usbpd_dpm_user.c:527:21:USBPD_DPM_RequestPing	32	static
../USBPD/Target/usbpd_dpm_user.c:541:21:USBPD_DPM_RequestMessageRequest	32	static
../USBPD/Target/usbpd_dpm_user.c:558:21:USBPD_DPM_RequestGetSourceCapability	32	static
../USBPD/Target/usbpd_dpm_user.c:570:21:USBPD_DPM_RequestGetSinkCapability	32	static
../USBPD/Target/usbpd_dpm_user.c:582:21:USBPD_DPM_RequestDataRoleSwap	32	static
../USBPD/Target/usbpd_dpm_user.c:594:21:USBPD_DPM_RequestPowerRoleSwap	16	static
../USBPD/Target/usbpd_dpm_user.c:605:21:USBPD_DPM_RequestVconnSwap	32	static
../USBPD/Target/usbpd_dpm_user.c:618:21:USBPD_DPM_RequestSoftReset	32	static
../USBPD/Target/usbpd_dpm_user.c:630:21:USBPD_DPM_RequestSourceCapability	32	static
../USBPD/Target/usbpd_dpm_user.c:644:21:USBPD_DPM_RequestVDM_DiscoveryIdentify	32	static
../USBPD/Target/usbpd_dpm_user.c:663:21:USBPD_DPM_RequestVDM_DiscoverySVID	32	static
../USBPD/Target/usbpd_dpm_user.c:677:21:USBPD_DPM_RequestVDM_DiscoveryMode	32	static
../USBPD/Target/usbpd_dpm_user.c:692:21:USBPD_DPM_RequestVDM_EnterMode	40	static
../USBPD/Target/usbpd_dpm_user.c:707:21:USBPD_DPM_RequestVDM_ExitMode	40	static
../USBPD/Target/usbpd_dpm_user.c:722:21:USBPD_DPM_RequestDisplayPortStatus	32	static
../USBPD/Target/usbpd_dpm_user.c:740:21:USBPD_DPM_RequestDisplayPortConfig	32	static
../USBPD/Target/usbpd_dpm_user.c:758:21:USBPD_DPM_RequestAttention	32	static
../USBPD/Target/usbpd_dpm_user.c:771:21:USBPD_DPM_RequestAlert	32	static
../USBPD/Target/usbpd_dpm_user.c:783:21:USBPD_DPM_RequestGetSourceCapabilityExt	32	static
../USBPD/Target/usbpd_dpm_user.c:795:21:USBPD_DPM_RequestGetSinkCapabilityExt	32	static
../USBPD/Target/usbpd_dpm_user.c:809:21:USBPD_DPM_RequestGetManufacturerInfo	40	static
../USBPD/Target/usbpd_dpm_user.c:825:21:USBPD_DPM_RequestGetPPS_Status	32	static
../USBPD/Target/usbpd_dpm_user.c:837:21:USBPD_DPM_RequestGetStatus	32	static
../USBPD/Target/usbpd_dpm_user.c:849:21:USBPD_DPM_RequestFastRoleSwap	32	static
../USBPD/Target/usbpd_dpm_user.c:861:21:USBPD_DPM_RequestGetCountryCodes	32	static
../USBPD/Target/usbpd_dpm_user.c:874:21:USBPD_DPM_RequestGetCountryInfo	32	static
../USBPD/Target/usbpd_dpm_user.c:887:21:USBPD_DPM_RequestGetBatteryCapability	40	static
../USBPD/Target/usbpd_dpm_user.c:900:21:USBPD_DPM_RequestGetBatteryStatus	40	static
../USBPD/Target/usbpd_dpm_user.c:912:21:USBPD_DPM_RequestSecurityRequest	24	static
